Component: ARM Compiler 6.14 Tool: armlink [5db06800]

==============================================================================

Section Cross References

    main.o(.ARM.exidx.text._Z17configurarPuertoAv) refers to main.o(.text._Z17configurarPuertoAv) for [Anonymous Symbol]
    main.o(.ARM.exidx.text._Z17configurarPuertoBv) refers to main.o(.text._Z17configurarPuertoBv) for [Anonymous Symbol]
    main.o(.ARM.exidx.text._Z6letraAv) refers to main.o(.text._Z6letraAv) for [Anonymous Symbol]
    main.o(.ARM.exidx.text._Z6letraBv) refers to main.o(.text._Z6letraBv) for [Anonymous Symbol]
    main.o(.ARM.exidx.text._Z6letraCv) refers to main.o(.text._Z6letraCv) for [Anonymous Symbol]
    main.o(.ARM.exidx.text._Z6letraDv) refers to main.o(.text._Z6letraDv) for [Anonymous Symbol]
    main.o(.ARM.exidx.text._Z6letraEv) refers to main.o(.text._Z6letraEv) for [Anonymous Symbol]
    main.o(.ARM.exidx.text._Z6letraFv) refers to main.o(.text._Z6letraFv) for [Anonymous Symbol]
    main.o(.ARM.exidx.text._Z6letraGv) refers to main.o(.text._Z6letraGv) for [Anonymous Symbol]
    main.o(.ARM.exidx.text._Z6letraHv) refers to main.o(.text._Z6letraHv) for [Anonymous Symbol]
    main.o(.ARM.exidx.text._Z6letraIv) refers to main.o(.text._Z6letraIv) for [Anonymous Symbol]
    main.o(.ARM.exidx.text._Z6letraJv) refers to main.o(.text._Z6letraJv) for [Anonymous Symbol]
    main.o(.ARM.exidx.text._Z6letraKv) refers to main.o(.text._Z6letraKv) for [Anonymous Symbol]
    main.o(.ARM.exidx.text._Z6letraLv) refers to main.o(.text._Z6letraLv) for [Anonymous Symbol]
    main.o(.ARM.exidx.text._Z6letraMv) refers to main.o(.text._Z6letraMv) for [Anonymous Symbol]
    main.o(.ARM.exidx.text._Z6letraNv) refers to main.o(.text._Z6letraNv) for [Anonymous Symbol]
    main.o(.ARM.exidx.text._Z6letraOv) refers to main.o(.text._Z6letraOv) for [Anonymous Symbol]
    main.o(.ARM.exidx.text._Z6letraPv) refers to main.o(.text._Z6letraPv) for [Anonymous Symbol]
    main.o(.ARM.exidx.text._Z6letraQv) refers to main.o(.text._Z6letraQv) for [Anonymous Symbol]
    main.o(.ARM.exidx.text._Z6letraRv) refers to main.o(.text._Z6letraRv) for [Anonymous Symbol]
    main.o(.ARM.exidx.text._Z6letraSv) refers to main.o(.text._Z6letraSv) for [Anonymous Symbol]
    main.o(.ARM.exidx.text._Z6letraTv) refers to main.o(.text._Z6letraTv) for [Anonymous Symbol]
    main.o(.ARM.exidx.text._Z6letraUv) refers to main.o(.text._Z6letraUv) for [Anonymous Symbol]
    main.o(.ARM.exidx.text._Z6letraVv) refers to main.o(.text._Z6letraVv) for [Anonymous Symbol]
    main.o(.ARM.exidx.text._Z6letraYv) refers to main.o(.text._Z6letraYv) for [Anonymous Symbol]
    main.o(.ARM.exidx.text._Z6letraWv) refers to main.o(.text._Z6letraWv) for [Anonymous Symbol]
    main.o(.text._Z5timeAv) refers to main.o(.data.t) for t
    main.o(.text._Z5timeAv) refers to main.o(.text._Z6letraAv) for letraA()
    main.o(.ARM.exidx.text._Z5timeAv) refers to main.o(.text._Z5timeAv) for [Anonymous Symbol]
    main.o(.text._Z5timeBv) refers to main.o(.data.t) for t
    main.o(.text._Z5timeBv) refers to main.o(.text._Z6letraBv) for letraB()
    main.o(.ARM.exidx.text._Z5timeBv) refers to main.o(.text._Z5timeBv) for [Anonymous Symbol]
    main.o(.text._Z5timeCv) refers to main.o(.data.t) for t
    main.o(.text._Z5timeCv) refers to main.o(.text._Z6letraCv) for letraC()
    main.o(.ARM.exidx.text._Z5timeCv) refers to main.o(.text._Z5timeCv) for [Anonymous Symbol]
    main.o(.text._Z5timeDv) refers to main.o(.data.t) for t
    main.o(.text._Z5timeDv) refers to main.o(.text._Z6letraDv) for letraD()
    main.o(.ARM.exidx.text._Z5timeDv) refers to main.o(.text._Z5timeDv) for [Anonymous Symbol]
    main.o(.text._Z5timeEv) refers to main.o(.data.t) for t
    main.o(.text._Z5timeEv) refers to main.o(.text._Z6letraEv) for letraE()
    main.o(.ARM.exidx.text._Z5timeEv) refers to main.o(.text._Z5timeEv) for [Anonymous Symbol]
    main.o(.text._Z5timeFv) refers to main.o(.data.t) for t
    main.o(.text._Z5timeFv) refers to main.o(.text._Z6letraFv) for letraF()
    main.o(.ARM.exidx.text._Z5timeFv) refers to main.o(.text._Z5timeFv) for [Anonymous Symbol]
    main.o(.text._Z5timeGv) refers to main.o(.data.t) for t
    main.o(.text._Z5timeGv) refers to main.o(.text._Z6letraGv) for letraG()
    main.o(.ARM.exidx.text._Z5timeGv) refers to main.o(.text._Z5timeGv) for [Anonymous Symbol]
    main.o(.text._Z5timeHv) refers to main.o(.data.t) for t
    main.o(.text._Z5timeHv) refers to main.o(.text._Z6letraHv) for letraH()
    main.o(.ARM.exidx.text._Z5timeHv) refers to main.o(.text._Z5timeHv) for [Anonymous Symbol]
    main.o(.text._Z5timeIv) refers to main.o(.data.t) for t
    main.o(.text._Z5timeIv) refers to main.o(.text._Z6letraIv) for letraI()
    main.o(.ARM.exidx.text._Z5timeIv) refers to main.o(.text._Z5timeIv) for [Anonymous Symbol]
    main.o(.text._Z5timeJv) refers to main.o(.data.t) for t
    main.o(.text._Z5timeJv) refers to main.o(.text._Z6letraJv) for letraJ()
    main.o(.ARM.exidx.text._Z5timeJv) refers to main.o(.text._Z5timeJv) for [Anonymous Symbol]
    main.o(.text._Z5timeKv) refers to main.o(.data.t) for t
    main.o(.text._Z5timeKv) refers to main.o(.text._Z6letraKv) for letraK()
    main.o(.ARM.exidx.text._Z5timeKv) refers to main.o(.text._Z5timeKv) for [Anonymous Symbol]
    main.o(.text._Z5timeLv) refers to main.o(.data.t) for t
    main.o(.text._Z5timeLv) refers to main.o(.text._Z6letraLv) for letraL()
    main.o(.ARM.exidx.text._Z5timeLv) refers to main.o(.text._Z5timeLv) for [Anonymous Symbol]
    main.o(.text._Z5timeMv) refers to main.o(.data.t) for t
    main.o(.text._Z5timeMv) refers to main.o(.text._Z6letraMv) for letraM()
    main.o(.ARM.exidx.text._Z5timeMv) refers to main.o(.text._Z5timeMv) for [Anonymous Symbol]
    main.o(.text._Z5timeNv) refers to main.o(.data.t) for t
    main.o(.text._Z5timeNv) refers to main.o(.text._Z6letraNv) for letraN()
    main.o(.ARM.exidx.text._Z5timeNv) refers to main.o(.text._Z5timeNv) for [Anonymous Symbol]
    main.o(.text._Z5timeOv) refers to main.o(.data.t) for t
    main.o(.text._Z5timeOv) refers to main.o(.text._Z6letraOv) for letraO()
    main.o(.ARM.exidx.text._Z5timeOv) refers to main.o(.text._Z5timeOv) for [Anonymous Symbol]
    main.o(.text._Z5timePv) refers to main.o(.data.t) for t
    main.o(.text._Z5timePv) refers to main.o(.text._Z6letraPv) for letraP()
    main.o(.ARM.exidx.text._Z5timePv) refers to main.o(.text._Z5timePv) for [Anonymous Symbol]
    main.o(.text._Z5timeQv) refers to main.o(.data.t) for t
    main.o(.text._Z5timeQv) refers to main.o(.text._Z6letraQv) for letraQ()
    main.o(.ARM.exidx.text._Z5timeQv) refers to main.o(.text._Z5timeQv) for [Anonymous Symbol]
    main.o(.text._Z5timeRv) refers to main.o(.data.t) for t
    main.o(.text._Z5timeRv) refers to main.o(.text._Z6letraRv) for letraR()
    main.o(.ARM.exidx.text._Z5timeRv) refers to main.o(.text._Z5timeRv) for [Anonymous Symbol]
    main.o(.text._Z5timeSv) refers to main.o(.data.t) for t
    main.o(.text._Z5timeSv) refers to main.o(.text._Z6letraSv) for letraS()
    main.o(.ARM.exidx.text._Z5timeSv) refers to main.o(.text._Z5timeSv) for [Anonymous Symbol]
    main.o(.text._Z5timeTv) refers to main.o(.data.t) for t
    main.o(.text._Z5timeTv) refers to main.o(.text._Z6letraTv) for letraT()
    main.o(.ARM.exidx.text._Z5timeTv) refers to main.o(.text._Z5timeTv) for [Anonymous Symbol]
    main.o(.text._Z5timeUv) refers to main.o(.data.t) for t
    main.o(.text._Z5timeUv) refers to main.o(.text._Z6letraUv) for letraU()
    main.o(.ARM.exidx.text._Z5timeUv) refers to main.o(.text._Z5timeUv) for [Anonymous Symbol]
    main.o(.text._Z5timeVv) refers to main.o(.data.t) for t
    main.o(.text._Z5timeVv) refers to main.o(.text._Z6letraVv) for letraV()
    main.o(.ARM.exidx.text._Z5timeVv) refers to main.o(.text._Z5timeVv) for [Anonymous Symbol]
    main.o(.text._Z5timeYv) refers to main.o(.data.t) for t
    main.o(.text._Z5timeYv) refers to main.o(.text._Z6letraYv) for letraY()
    main.o(.ARM.exidx.text._Z5timeYv) refers to main.o(.text._Z5timeYv) for [Anonymous Symbol]
    main.o(.text._Z5timeWv) refers to main.o(.data.t) for t
    main.o(.text._Z5timeWv) refers to main.o(.text._Z6letraWv) for letraW()
    main.o(.ARM.exidx.text._Z5timeWv) refers to main.o(.text._Z5timeWv) for [Anonymous Symbol]
    main.o(.text._Z6julianv) refers to main.o(.text._Z5timeJv) for timeJ()
    main.o(.text._Z6julianv) refers to main.o(.text._Z5timeUv) for timeU()
    main.o(.text._Z6julianv) refers to main.o(.text._Z5timeLv) for timeL()
    main.o(.text._Z6julianv) refers to main.o(.text._Z5timeIv) for timeI()
    main.o(.text._Z6julianv) refers to main.o(.text._Z5timeAv) for timeA()
    main.o(.text._Z6julianv) refers to main.o(.text._Z5timeNv) for timeN()
    main.o(.ARM.exidx.text._Z6julianv) refers to main.o(.text._Z6julianv) for [Anonymous Symbol]
    main.o(.text._Z6danielv) refers to main.o(.text._Z5timeDv) for timeD()
    main.o(.text._Z6danielv) refers to main.o(.text._Z5timeAv) for timeA()
    main.o(.text._Z6danielv) refers to main.o(.text._Z5timeNv) for timeN()
    main.o(.text._Z6danielv) refers to main.o(.text._Z5timeIv) for timeI()
    main.o(.text._Z6danielv) refers to main.o(.text._Z5timeEv) for timeE()
    main.o(.text._Z6danielv) refers to main.o(.text._Z5timeLv) for timeL()
    main.o(.ARM.exidx.text._Z6danielv) refers to main.o(.text._Z6danielv) for [Anonymous Symbol]
    main.o(.text._Z6andresv) refers to main.o(.text._Z5timeAv) for timeA()
    main.o(.text._Z6andresv) refers to main.o(.text._Z5timeNv) for timeN()
    main.o(.text._Z6andresv) refers to main.o(.text._Z5timeDv) for timeD()
    main.o(.text._Z6andresv) refers to main.o(.text._Z5timeRv) for timeR()
    main.o(.text._Z6andresv) refers to main.o(.text._Z5timeEv) for timeE()
    main.o(.text._Z6andresv) refers to main.o(.text._Z5timeSv) for timeS()
    main.o(.ARM.exidx.text._Z6andresv) refers to main.o(.text._Z6andresv) for [Anonymous Symbol]
    main.o(.text._Z5rosasv) refers to main.o(.text._Z5timeRv) for timeR()
    main.o(.text._Z5rosasv) refers to main.o(.text._Z5timeOv) for timeO()
    main.o(.text._Z5rosasv) refers to main.o(.text._Z5timeSv) for timeS()
    main.o(.text._Z5rosasv) refers to main.o(.text._Z5timeAv) for timeA()
    main.o(.ARM.exidx.text._Z5rosasv) refers to main.o(.text._Z5rosasv) for [Anonymous Symbol]
    main.o(.text._Z6garciav) refers to main.o(.text._Z5timeGv) for timeG()
    main.o(.text._Z6garciav) refers to main.o(.text._Z5timeAv) for timeA()
    main.o(.text._Z6garciav) refers to main.o(.text._Z5timeRv) for timeR()
    main.o(.text._Z6garciav) refers to main.o(.text._Z5timeCv) for timeC()
    main.o(.text._Z6garciav) refers to main.o(.text._Z5timeIv) for timeI()
    main.o(.ARM.exidx.text._Z6garciav) refers to main.o(.text._Z6garciav) for [Anonymous Symbol]
    main.o(.text._Z6araquev) refers to main.o(.text._Z5timeAv) for timeA()
    main.o(.text._Z6araquev) refers to main.o(.text._Z5timeRv) for timeR()
    main.o(.text._Z6araquev) refers to main.o(.text._Z5timeQv) for timeQ()
    main.o(.text._Z6araquev) refers to main.o(.text._Z5timeUv) for timeU()
    main.o(.text._Z6araquev) refers to main.o(.text._Z5timeEv) for timeE()
    main.o(.ARM.exidx.text._Z6araquev) refers to main.o(.text._Z6araquev) for [Anonymous Symbol]
    main.o(.text._Z4seq1v) refers to main.o(.data.t) for t
    main.o(.ARM.exidx.text._Z4seq1v) refers to main.o(.text._Z4seq1v) for [Anonymous Symbol]
    main.o(.text._Z4seq2v) refers to main.o(.data.t) for t
    main.o(.ARM.exidx.text._Z4seq2v) refers to main.o(.text._Z4seq2v) for [Anonymous Symbol]
    main.o(.text._Z4seq3v) refers to main.o(.data.t) for t
    main.o(.ARM.exidx.text._Z4seq3v) refers to main.o(.text._Z4seq3v) for [Anonymous Symbol]
    main.o(.text._Z4seq4v) refers to main.o(.text._Z5timeAv) for timeA()
    main.o(.text._Z4seq4v) refers to main.o(.text._Z5timeBv) for timeB()
    main.o(.text._Z4seq4v) refers to main.o(.text._Z5timeCv) for timeC()
    main.o(.text._Z4seq4v) refers to main.o(.text._Z5timeDv) for timeD()
    main.o(.text._Z4seq4v) refers to main.o(.text._Z5timeEv) for timeE()
    main.o(.text._Z4seq4v) refers to main.o(.text._Z5timeFv) for timeF()
    main.o(.text._Z4seq4v) refers to main.o(.text._Z5timeGv) for timeG()
    main.o(.text._Z4seq4v) refers to main.o(.text._Z5timeHv) for timeH()
    main.o(.text._Z4seq4v) refers to main.o(.text._Z5timeIv) for timeI()
    main.o(.text._Z4seq4v) refers to main.o(.text._Z5timeJv) for timeJ()
    main.o(.text._Z4seq4v) refers to main.o(.text._Z5timeKv) for timeK()
    main.o(.text._Z4seq4v) refers to main.o(.text._Z5timeLv) for timeL()
    main.o(.text._Z4seq4v) refers to main.o(.text._Z5timeMv) for timeM()
    main.o(.text._Z4seq4v) refers to main.o(.text._Z5timeNv) for timeN()
    main.o(.text._Z4seq4v) refers to main.o(.text._Z5timeOv) for timeO()
    main.o(.text._Z4seq4v) refers to main.o(.text._Z5timePv) for timeP()
    main.o(.text._Z4seq4v) refers to main.o(.text._Z5timeQv) for timeQ()
    main.o(.text._Z4seq4v) refers to main.o(.text._Z5timeRv) for timeR()
    main.o(.text._Z4seq4v) refers to main.o(.text._Z5timeSv) for timeS()
    main.o(.text._Z4seq4v) refers to main.o(.text._Z5timeTv) for timeT()
    main.o(.text._Z4seq4v) refers to main.o(.text._Z5timeUv) for timeU()
    main.o(.ARM.exidx.text._Z4seq4v) refers to main.o(.text._Z4seq4v) for [Anonymous Symbol]
    main.o(.text._Z8ledbtnonv) refers to main.o(.data.t) for t
    main.o(.ARM.exidx.text._Z8ledbtnonv) refers to main.o(.text._Z8ledbtnonv) for [Anonymous Symbol]
    main.o(.text.main) refers to main.o(.text._Z17configurarPuertoAv) for configurarPuertoA()
    main.o(.text.main) refers to main.o(.text._Z17configurarPuertoBv) for configurarPuertoB()
    main.o(.text.main) refers to main.o(.text._Z4seq2v) for seq2()
    main.o(.text.main) refers to main.o(.text._Z5timeKv) for timeK()
    main.o(.text.main) refers to main.o(.text._Z5timeRv) for timeR()
    main.o(.text.main) refers to main.o(.text._Z5timeAv) for timeA()
    main.o(.text.main) refers to main.o(.text._Z5timeVv) for timeV()
    main.o(.text.main) refers to main.o(.text._Z5timeEv) for timeE()
    main.o(.text.main) refers to main.o(.text._Z5timeNv) for timeN()
    main.o(.text.main) refers to main.o(.text._Z4seq3v) for seq3()
    main.o(.text.main) refers to main.o(.text._Z5timeTv) for timeT()
    main.o(.text.main) refers to main.o(.text._Z5timeOv) for timeO()
    main.o(.text.main) refers to main.o(.text._Z5timeYv) for timeY()
    main.o(.text.main) refers to main.o(.text._Z5timeSv) for timeS()
    main.o(.text.main) refers to main.o(.text._Z5timeBv) for timeB()
    main.o(.text.main) refers to main.o(.text._Z5timeUv) for timeU()
    main.o(.text.main) refers to main.o(.text._Z5timeCv) for timeC()
    main.o(.text.main) refers to main.o(.text._Z5timeWv) for timeW()
    main.o(.text.main) refers to main.o(.text._Z6danielv) for daniel()
    main.o(.text.main) refers to main.o(.text._Z6andresv) for andres()
    main.o(.text.main) refers to main.o(.text._Z5rosasv) for rosas()
    main.o(.text.main) refers to main.o(.text._Z8ledbtnonv) for ledbtnon()
    main.o(.text.main) refers to main.o(.text._Z6garciav) for garcia()
    main.o(.text.main) refers to main.o(.text._Z6araquev) for araque()
    main.o(.ARM.exidx.text.main) refers to main.o(.text.main) for [Anonymous Symbol]
    startup_stm32f411xe.o(STACK) refers (Special) to heapauxi.o(.text) for __use_two_region_memory
    startup_stm32f411xe.o(HEAP) refers (Special) to heapauxi.o(.text) for __use_two_region_memory
    startup_stm32f411xe.o(RESET) refers (Special) to heapauxi.o(.text) for __use_two_region_memory
    startup_stm32f411xe.o(RESET) refers to startup_stm32f411xe.o(STACK) for __initial_sp
    startup_stm32f411xe.o(RESET) refers to startup_stm32f411xe.o(.text) for Reset_Handler
    startup_stm32f411xe.o(.text) refers (Special) to heapauxi.o(.text) for __use_two_region_memory
    startup_stm32f411xe.o(.text) refers to system_stm32f4xx.o(.text.SystemInit) for SystemInit
    startup_stm32f411xe.o(.text) refers to __main.o(!!!main) for __main
    startup_stm32f411xe.o(.text) refers to startup_stm32f411xe.o(HEAP) for Heap_Mem
    startup_stm32f411xe.o(.text) refers to startup_stm32f411xe.o(STACK) for Stack_Mem
    system_stm32f4xx.o(.ARM.exidx.text.SystemInit) refers to system_stm32f4xx.o(.text.SystemInit) for [Anonymous Symbol]
    system_stm32f4xx.o(.text.SystemCoreClockUpdate) refers to system_stm32f4xx.o(.data.SystemCoreClock) for SystemCoreClock
    system_stm32f4xx.o(.text.SystemCoreClockUpdate) refers to system_stm32f4xx.o(.rodata.AHBPrescTable) for AHBPrescTable
    system_stm32f4xx.o(.ARM.exidx.text.SystemCoreClockUpdate) refers to system_stm32f4xx.o(.text.SystemCoreClockUpdate) for [Anonymous Symbol]
    __main.o(!!!main) refers to __rtentry.o(.ARM.Collect$$rtentry$$00000000) for __rt_entry
    __rtentry.o(.ARM.Collect$$rtentry$$00000000) refers (Special) to __rtentry2.o(.ARM.Collect$$rtentry$$0000000A) for __rt_entry_li
    __rtentry.o(.ARM.Collect$$rtentry$$00000000) refers (Special) to __rtentry2.o(.ARM.Collect$$rtentry$$0000000D) for __rt_entry_main
    __rtentry.o(.ARM.Collect$$rtentry$$00000000) refers (Special) to __rtentry2.o(.ARM.Collect$$rtentry$$0000000C) for __rt_entry_postli_1
    __rtentry.o(.ARM.Collect$$rtentry$$00000000) refers (Special) to __rtentry2.o(.ARM.Collect$$rtentry$$00000009) for __rt_entry_postsh_1
    __rtentry.o(.ARM.Collect$$rtentry$$00000000) refers (Special) to __rtentry2.o(.ARM.Collect$$rtentry$$00000002) for __rt_entry_presh_1
    __rtentry.o(.ARM.Collect$$rtentry$$00000000) refers (Special) to __rtentry4.o(.ARM.Collect$$rtentry$$00000004) for __rt_entry_sh
    __rtentry2.o(.ARM.Collect$$rtentry$$00000008) refers to boardinit2.o(.text) for _platform_post_stackheap_init
    __rtentry2.o(.ARM.Collect$$rtentry$$0000000A) refers to libinit.o(.ARM.Collect$$libinit$$00000000) for __rt_lib_init
    __rtentry2.o(.ARM.Collect$$rtentry$$0000000B) refers to boardinit3.o(.text) for _platform_post_lib_init
    __rtentry2.o(.ARM.Collect$$rtentry$$0000000D) refers to main.o(.text.main) for main
    __rtentry2.o(.ARM.Collect$$rtentry$$0000000D) refers to exit.o(.text) for exit
    __rtentry2.o(.ARM.exidx) refers to __rtentry2.o(.ARM.Collect$$rtentry$$00000001) for .ARM.Collect$$rtentry$$00000001
    __rtentry2.o(.ARM.exidx) refers to __rtentry2.o(.ARM.Collect$$rtentry$$00000008) for .ARM.Collect$$rtentry$$00000008
    __rtentry2.o(.ARM.exidx) refers to __rtentry2.o(.ARM.Collect$$rtentry$$0000000A) for .ARM.Collect$$rtentry$$0000000A
    __rtentry2.o(.ARM.exidx) refers to __rtentry2.o(.ARM.Collect$$rtentry$$0000000B) for .ARM.Collect$$rtentry$$0000000B
    __rtentry2.o(.ARM.exidx) refers to __rtentry2.o(.ARM.Collect$$rtentry$$0000000D) for .ARM.Collect$$rtentry$$0000000D
    __rtentry4.o(.ARM.Collect$$rtentry$$00000004) refers to sys_stackheap_outer.o(.text) for __user_setup_stackheap
    __rtentry4.o(.ARM.exidx) refers to __rtentry4.o(.ARM.Collect$$rtentry$$00000004) for .ARM.Collect$$rtentry$$00000004
    sys_stackheap_outer.o(.text) refers to libspace.o(.text) for __user_perproc_libspace
    sys_stackheap_outer.o(.text) refers to startup_stm32f411xe.o(.text) for __user_initial_stackheap
    exit.o(.text) refers to rtexit.o(.ARM.Collect$$rtexit$$00000000) for __rt_exit
    libinit.o(.ARM.Collect$$libinit$$00000000) refers (Special) to libinit2.o(.ARM.Collect$$libinit$$0000002E) for __rt_lib_init_alloca_1
    libinit.o(.ARM.Collect$$libinit$$00000000) refers (Special) to libinit2.o(.ARM.Collect$$libinit$$0000002C) for __rt_lib_init_argv_1
    libinit.o(.ARM.Collect$$libinit$$00000000) refers (Special) to libinit2.o(.ARM.Collect$$libinit$$0000001B) for __rt_lib_init_atexit_1
    libinit.o(.ARM.Collect$$libinit$$00000000) refers (Special) to libinit2.o(.ARM.Collect$$libinit$$00000021) for __rt_lib_init_clock_1
    libinit.o(.ARM.Collect$$libinit$$00000000) refers (Special) to libinit2.o(.ARM.Collect$$libinit$$00000032) for __rt_lib_init_cpp_1
    libinit.o(.ARM.Collect$$libinit$$00000000) refers (Special) to libinit2.o(.ARM.Collect$$libinit$$00000030) for __rt_lib_init_exceptions_1
    libinit.o(.ARM.Collect$$libinit$$00000000) refers (Special) to libinit2.o(.ARM.Collect$$libinit$$00000001) for __rt_lib_init_fp_1
    libinit.o(.ARM.Collect$$libinit$$00000000) refers (Special) to libinit2.o(.ARM.Collect$$libinit$$0000001F) for __rt_lib_init_fp_trap_1
    libinit.o(.ARM.Collect$$libinit$$00000000) refers (Special) to libinit2.o(.ARM.Collect$$libinit$$00000023) for __rt_lib_init_getenv_1
    libinit.o(.ARM.Collect$$libinit$$00000000) refers (Special) to libinit2.o(.ARM.Collect$$libinit$$0000000A) for __rt_lib_init_heap_1
    libinit.o(.ARM.Collect$$libinit$$00000000) refers (Special) to libinit2.o(.ARM.Collect$$libinit$$00000011) for __rt_lib_init_lc_collate_1
    libinit.o(.ARM.Collect$$libinit$$00000000) refers (Special) to libinit2.o(.ARM.Collect$$libinit$$00000013) for __rt_lib_init_lc_ctype_1
    libinit.o(.ARM.Collect$$libinit$$00000000) refers (Special) to libinit2.o(.ARM.Collect$$libinit$$00000015) for __rt_lib_init_lc_monetary_1
    libinit.o(.ARM.Collect$$libinit$$00000000) refers (Special) to libinit2.o(.ARM.Collect$$libinit$$00000017) for __rt_lib_init_lc_numeric_1
    libinit.o(.ARM.Collect$$libinit$$00000000) refers (Special) to libinit2.o(.ARM.Collect$$libinit$$00000019) for __rt_lib_init_lc_time_1
    libinit.o(.ARM.Collect$$libinit$$00000000) refers (Special) to libinit2.o(.ARM.Collect$$libinit$$00000004) for __rt_lib_init_preinit_1
    libinit.o(.ARM.Collect$$libinit$$00000000) refers (Special) to libinit2.o(.ARM.Collect$$libinit$$0000000E) for __rt_lib_init_rand_1
    libinit.o(.ARM.Collect$$libinit$$00000000) refers (Special) to libinit2.o(.ARM.Collect$$libinit$$00000033) for __rt_lib_init_return
    libinit.o(.ARM.Collect$$libinit$$00000000) refers (Special) to libinit2.o(.ARM.Collect$$libinit$$0000001D) for __rt_lib_init_signal_1
    libinit.o(.ARM.Collect$$libinit$$00000000) refers (Special) to libinit2.o(.ARM.Collect$$libinit$$00000025) for __rt_lib_init_stdio_1
    libinit.o(.ARM.Collect$$libinit$$00000000) refers (Special) to libinit2.o(.ARM.Collect$$libinit$$0000000C) for __rt_lib_init_user_alloc_1
    libspace.o(.text) refers to libspace.o(.bss) for __libspace_start
    rtexit.o(.ARM.Collect$$rtexit$$00000000) refers (Special) to rtexit2.o(.ARM.Collect$$rtexit$$00000004) for __rt_exit_exit
    rtexit.o(.ARM.Collect$$rtexit$$00000000) refers (Special) to rtexit2.o(.ARM.Collect$$rtexit$$00000003) for __rt_exit_ls
    rtexit.o(.ARM.Collect$$rtexit$$00000000) refers (Special) to rtexit2.o(.ARM.Collect$$rtexit$$00000002) for __rt_exit_prels_1
    rtexit.o(.ARM.exidx) refers (Special) to rtexit2.o(.ARM.Collect$$rtexit$$00000004) for __rt_exit_exit
    rtexit.o(.ARM.exidx) refers (Special) to rtexit2.o(.ARM.Collect$$rtexit$$00000003) for __rt_exit_ls
    rtexit.o(.ARM.exidx) refers (Special) to rtexit2.o(.ARM.Collect$$rtexit$$00000002) for __rt_exit_prels_1
    rtexit.o(.ARM.exidx) refers to rtexit.o(.ARM.Collect$$rtexit$$00000000) for .ARM.Collect$$rtexit$$00000000
    libinit2.o(.ARM.Collect$$libinit$$00000001) refers to fpinit.o(x$fpl$fpinit) for _fp_init
    libinit2.o(.ARM.Collect$$libinit$$00000010) refers to libinit2.o(.ARM.Collect$$libinit$$0000000F) for .ARM.Collect$$libinit$$0000000F
    libinit2.o(.ARM.Collect$$libinit$$00000012) refers to libinit2.o(.ARM.Collect$$libinit$$0000000F) for .ARM.Collect$$libinit$$0000000F
    libinit2.o(.ARM.Collect$$libinit$$00000014) refers to libinit2.o(.ARM.Collect$$libinit$$0000000F) for .ARM.Collect$$libinit$$0000000F
    libinit2.o(.ARM.Collect$$libinit$$00000016) refers to libinit2.o(.ARM.Collect$$libinit$$0000000F) for .ARM.Collect$$libinit$$0000000F
    libinit2.o(.ARM.Collect$$libinit$$00000018) refers to libinit2.o(.ARM.Collect$$libinit$$0000000F) for .ARM.Collect$$libinit$$0000000F
    libinit2.o(.ARM.Collect$$libinit$$00000026) refers to argv_veneer.o(.emb_text) for __ARM_argv_veneer
    libinit2.o(.ARM.Collect$$libinit$$00000027) refers to argv_veneer.o(.emb_text) for __ARM_argv_veneer
    rtexit2.o(.ARM.Collect$$rtexit$$00000003) refers to libshutdown.o(.ARM.Collect$$libshutdown$$00000000) for __rt_lib_shutdown
    rtexit2.o(.ARM.Collect$$rtexit$$00000004) refers to sys_exit.o(.text) for _sys_exit
    rtexit2.o(.ARM.exidx) refers to rtexit2.o(.ARM.Collect$$rtexit$$00000001) for .ARM.Collect$$rtexit$$00000001
    rtexit2.o(.ARM.exidx) refers to rtexit2.o(.ARM.Collect$$rtexit$$00000003) for .ARM.Collect$$rtexit$$00000003
    rtexit2.o(.ARM.exidx) refers to rtexit2.o(.ARM.Collect$$rtexit$$00000004) for .ARM.Collect$$rtexit$$00000004
    argv_veneer.o(.emb_text) refers to no_argv.o(.text) for __ARM_get_argv
    sys_exit.o(.text) refers (Special) to use_no_semi.o(.text) for __I$use$semihosting
    sys_exit.o(.text) refers (Special) to indicate_semi.o(.text) for __semihosting_library_function
    sys_exit_hlt.o(.text) refers (Special) to use_no_semi.o(.text) for __I$use$semihosting
    sys_exit_hlt.o(.text) refers (Special) to indicate_semi.o(.text) for __semihosting_library_function
    _get_argv_nomalloc.o(.text) refers (Special) to hrguard.o(.text) for __heap_region$guard
    _get_argv_nomalloc.o(.text) refers to defsig_rtmem_outer.o(.text) for __rt_SIGRTMEM
    _get_argv_nomalloc.o(.text) refers to sys_command.o(.text) for _sys_command_string
    libshutdown.o(.ARM.Collect$$libshutdown$$00000000) refers (Special) to libshutdown2.o(.ARM.Collect$$libshutdown$$00000002) for __rt_lib_shutdown_cpp_1
    libshutdown.o(.ARM.Collect$$libshutdown$$00000000) refers (Special) to libshutdown2.o(.ARM.Collect$$libshutdown$$00000007) for __rt_lib_shutdown_fp_trap_1
    libshutdown.o(.ARM.Collect$$libshutdown$$00000000) refers (Special) to libshutdown2.o(.ARM.Collect$$libshutdown$$0000000F) for __rt_lib_shutdown_heap_1
    libshutdown.o(.ARM.Collect$$libshutdown$$00000000) refers (Special) to libshutdown2.o(.ARM.Collect$$libshutdown$$00000010) for __rt_lib_shutdown_return
    libshutdown.o(.ARM.Collect$$libshutdown$$00000000) refers (Special) to libshutdown2.o(.ARM.Collect$$libshutdown$$0000000A) for __rt_lib_shutdown_signal_1
    libshutdown.o(.ARM.Collect$$libshutdown$$00000000) refers (Special) to libshutdown2.o(.ARM.Collect$$libshutdown$$00000004) for __rt_lib_shutdown_stdio_1
    libshutdown.o(.ARM.Collect$$libshutdown$$00000000) refers (Special) to libshutdown2.o(.ARM.Collect$$libshutdown$$0000000C) for __rt_lib_shutdown_user_alloc_1
    sys_command.o(.text) refers (Special) to use_no_semi.o(.text) for __I$use$semihosting
    sys_command.o(.text) refers (Special) to indicate_semi.o(.text) for __semihosting_library_function
    sys_command_hlt.o(.text) refers (Special) to use_no_semi.o(.text) for __I$use$semihosting
    sys_command_hlt.o(.text) refers (Special) to indicate_semi.o(.text) for __semihosting_library_function
    defsig_rtmem_outer.o(.text) refers to defsig_rtmem_inner.o(.text) for __rt_SIGRTMEM_inner
    defsig_rtmem_outer.o(.text) refers to defsig_exit.o(.text) for __sig_exit
    defsig_rtmem_formal.o(.text) refers to rt_raise.o(.text) for __rt_raise
    rt_raise.o(.text) refers to __raise.o(.text) for __raise
    rt_raise.o(.text) refers to sys_exit.o(.text) for _sys_exit
    defsig_exit.o(.text) refers to sys_exit.o(.text) for _sys_exit
    defsig_rtmem_inner.o(.text) refers to defsig_general.o(.text) for __default_signal_display
    __raise.o(.text) refers to defsig.o(CL$$defsig) for __default_signal_handler
    defsig_general.o(.text) refers to sys_wrch.o(.text) for _ttywrch
    sys_wrch.o(.text) refers (Special) to use_no_semi.o(.text) for __I$use$semihosting
    sys_wrch.o(.text) refers (Special) to indicate_semi.o(.text) for __semihosting_library_function
    sys_wrch_hlt.o(.text) refers (Special) to use_no_semi.o(.text) for __I$use$semihosting
    sys_wrch_hlt.o(.text) refers (Special) to indicate_semi.o(.text) for __semihosting_library_function
    defsig.o(CL$$defsig) refers to defsig_rtmem_inner.o(.text) for __rt_SIGRTMEM_inner
    defsig_abrt_inner.o(.text) refers to defsig_general.o(.text) for __default_signal_display
    defsig_fpe_inner.o(.text) refers to defsig_general.o(.text) for __default_signal_display
    defsig_rtred_inner.o(.text) refers to defsig_general.o(.text) for __default_signal_display
    defsig_stak_inner.o(.text) refers to defsig_general.o(.text) for __default_signal_display
    defsig_pvfn_inner.o(.text) refers to defsig_general.o(.text) for __default_signal_display
    defsig_cppl_inner.o(.text) refers to defsig_general.o(.text) for __default_signal_display
    defsig_segv_inner.o(.text) refers to defsig_general.o(.text) for __default_signal_display
    defsig_other.o(.text) refers to defsig_general.o(.text) for __default_signal_display


==============================================================================

Removing Unused input sections from the image.

    Removing main.o(.text), (0 bytes).
    Removing main.o(.ARM.exidx.text._Z17configurarPuertoAv), (8 bytes).
    Removing main.o(.ARM.exidx.text._Z17configurarPuertoBv), (8 bytes).
    Removing main.o(.ARM.exidx.text._Z6letraAv), (8 bytes).
    Removing main.o(.ARM.exidx.text._Z6letraBv), (8 bytes).
    Removing main.o(.ARM.exidx.text._Z6letraCv), (8 bytes).
    Removing main.o(.ARM.exidx.text._Z6letraDv), (8 bytes).
    Removing main.o(.ARM.exidx.text._Z6letraEv), (8 bytes).
    Removing main.o(.text._Z6letraFv), (12 bytes).
    Removing main.o(.ARM.exidx.text._Z6letraFv), (8 bytes).
    Removing main.o(.ARM.exidx.text._Z6letraGv), (8 bytes).
    Removing main.o(.text._Z6letraHv), (12 bytes).
    Removing main.o(.ARM.exidx.text._Z6letraHv), (8 bytes).
    Removing main.o(.ARM.exidx.text._Z6letraIv), (8 bytes).
    Removing main.o(.text._Z6letraJv), (12 bytes).
    Removing main.o(.ARM.exidx.text._Z6letraJv), (8 bytes).
    Removing main.o(.ARM.exidx.text._Z6letraKv), (8 bytes).
    Removing main.o(.ARM.exidx.text._Z6letraLv), (8 bytes).
    Removing main.o(.text._Z6letraMv), (12 bytes).
    Removing main.o(.ARM.exidx.text._Z6letraMv), (8 bytes).
    Removing main.o(.ARM.exidx.text._Z6letraNv), (8 bytes).
    Removing main.o(.ARM.exidx.text._Z6letraOv), (8 bytes).
    Removing main.o(.text._Z6letraPv), (12 bytes).
    Removing main.o(.ARM.exidx.text._Z6letraPv), (8 bytes).
    Removing main.o(.ARM.exidx.text._Z6letraQv), (8 bytes).
    Removing main.o(.ARM.exidx.text._Z6letraRv), (8 bytes).
    Removing main.o(.ARM.exidx.text._Z6letraSv), (8 bytes).
    Removing main.o(.ARM.exidx.text._Z6letraTv), (8 bytes).
    Removing main.o(.ARM.exidx.text._Z6letraUv), (8 bytes).
    Removing main.o(.ARM.exidx.text._Z6letraVv), (8 bytes).
    Removing main.o(.ARM.exidx.text._Z6letraYv), (8 bytes).
    Removing main.o(.ARM.exidx.text._Z6letraWv), (8 bytes).
    Removing main.o(.ARM.exidx.text._Z5timeAv), (8 bytes).
    Removing main.o(.ARM.exidx.text._Z5timeBv), (8 bytes).
    Removing main.o(.ARM.exidx.text._Z5timeCv), (8 bytes).
    Removing main.o(.ARM.exidx.text._Z5timeDv), (8 bytes).
    Removing main.o(.ARM.exidx.text._Z5timeEv), (8 bytes).
    Removing main.o(.text._Z5timeFv), (34 bytes).
    Removing main.o(.ARM.exidx.text._Z5timeFv), (8 bytes).
    Removing main.o(.ARM.exidx.text._Z5timeGv), (8 bytes).
    Removing main.o(.text._Z5timeHv), (34 bytes).
    Removing main.o(.ARM.exidx.text._Z5timeHv), (8 bytes).
    Removing main.o(.ARM.exidx.text._Z5timeIv), (8 bytes).
    Removing main.o(.text._Z5timeJv), (34 bytes).
    Removing main.o(.ARM.exidx.text._Z5timeJv), (8 bytes).
    Removing main.o(.ARM.exidx.text._Z5timeKv), (8 bytes).
    Removing main.o(.ARM.exidx.text._Z5timeLv), (8 bytes).
    Removing main.o(.text._Z5timeMv), (34 bytes).
    Removing main.o(.ARM.exidx.text._Z5timeMv), (8 bytes).
    Removing main.o(.ARM.exidx.text._Z5timeNv), (8 bytes).
    Removing main.o(.ARM.exidx.text._Z5timeOv), (8 bytes).
    Removing main.o(.text._Z5timePv), (34 bytes).
    Removing main.o(.ARM.exidx.text._Z5timePv), (8 bytes).
    Removing main.o(.ARM.exidx.text._Z5timeQv), (8 bytes).
    Removing main.o(.ARM.exidx.text._Z5timeRv), (8 bytes).
    Removing main.o(.ARM.exidx.text._Z5timeSv), (8 bytes).
    Removing main.o(.ARM.exidx.text._Z5timeTv), (8 bytes).
    Removing main.o(.ARM.exidx.text._Z5timeUv), (8 bytes).
    Removing main.o(.ARM.exidx.text._Z5timeVv), (8 bytes).
    Removing main.o(.ARM.exidx.text._Z5timeYv), (8 bytes).
    Removing main.o(.ARM.exidx.text._Z5timeWv), (8 bytes).
    Removing main.o(.text._Z6julianv), (28 bytes).
    Removing main.o(.ARM.exidx.text._Z6julianv), (8 bytes).
    Removing main.o(.ARM.exidx.text._Z6danielv), (8 bytes).
    Removing main.o(.ARM.exidx.text._Z6andresv), (8 bytes).
    Removing main.o(.ARM.exidx.text._Z5rosasv), (8 bytes).
    Removing main.o(.ARM.exidx.text._Z6garciav), (8 bytes).
    Removing main.o(.ARM.exidx.text._Z6araquev), (8 bytes).
    Removing main.o(.text._Z4seq1v), (334 bytes).
    Removing main.o(.ARM.exidx.text._Z4seq1v), (8 bytes).
    Removing main.o(.ARM.exidx.text._Z4seq2v), (8 bytes).
    Removing main.o(.ARM.exidx.text._Z4seq3v), (8 bytes).
    Removing main.o(.text._Z4seq4v), (88 bytes).
    Removing main.o(.ARM.exidx.text._Z4seq4v), (8 bytes).
    Removing main.o(.ARM.exidx.text._Z8ledbtnonv), (8 bytes).
    Removing main.o(.ARM.exidx.text.main), (8 bytes).
    Removing main.o(.ARM.use_no_argv), (4 bytes).
    Removing system_stm32f4xx.o(.text), (0 bytes).
    Removing system_stm32f4xx.o(.ARM.exidx.text.SystemInit), (8 bytes).
    Removing system_stm32f4xx.o(.text.SystemCoreClockUpdate), (126 bytes).
    Removing system_stm32f4xx.o(.ARM.exidx.text.SystemCoreClockUpdate), (8 bytes).
    Removing system_stm32f4xx.o(.data.SystemCoreClock), (4 bytes).
    Removing system_stm32f4xx.o(.rodata.AHBPrescTable), (16 bytes).
    Removing system_stm32f4xx.o(.rodata.APBPrescTable), (8 bytes).

84 unused section(s) (total 1350 bytes) removed from the image.

==============================================================================

Image Symbol Table

    Local Symbols

    Symbol Name                              Value     Ov Type        Size  Object(Section)

    ../clib/angel/boardlib.s                 0x00000000   Number         0  boardinit1.o ABSOLUTE
    ../clib/angel/boardlib.s                 0x00000000   Number         0  boardinit2.o ABSOLUTE
    ../clib/angel/boardlib.s                 0x00000000   Number         0  boardinit3.o ABSOLUTE
    ../clib/angel/boardlib.s                 0x00000000   Number         0  boardshut.o ABSOLUTE
    ../clib/angel/handlers.s                 0x00000000   Number         0  __scatter_copy.o ABSOLUTE
    ../clib/angel/handlers.s                 0x00000000   Number         0  __scatter_zi.o ABSOLUTE
    ../clib/angel/kernel.s                   0x00000000   Number         0  __rtentry.o ABSOLUTE
    ../clib/angel/kernel.s                   0x00000000   Number         0  __rtentry2.o ABSOLUTE
    ../clib/angel/kernel.s                   0x00000000   Number         0  __rtentry4.o ABSOLUTE
    ../clib/angel/kernel.s                   0x00000000   Number         0  rtexit.o ABSOLUTE
    ../clib/angel/kernel.s                   0x00000000   Number         0  rtexit2.o ABSOLUTE
    ../clib/angel/rt.s                       0x00000000   Number         0  rt_raise.o ABSOLUTE
    ../clib/angel/scatter.s                  0x00000000   Number         0  __scatter.o ABSOLUTE
    ../clib/angel/startup.s                  0x00000000   Number         0  __main.o ABSOLUTE
    ../clib/angel/sys.s                      0x00000000   Number         0  sys_stackheap_outer.o ABSOLUTE
    ../clib/angel/sys.s                      0x00000000   Number         0  libspace.o ABSOLUTE
    ../clib/angel/sys.s                      0x00000000   Number         0  use_no_semi.o ABSOLUTE
    ../clib/angel/sys.s                      0x00000000   Number         0  indicate_semi.o ABSOLUTE
    ../clib/angel/sysapp.c                   0x00000000   Number         0  sys_exit.o ABSOLUTE
    ../clib/angel/sysapp.c                   0x00000000   Number         0  sys_exit_hlt.o ABSOLUTE
    ../clib/angel/sysapp.c                   0x00000000   Number         0  sys_command.o ABSOLUTE
    ../clib/angel/sysapp.c                   0x00000000   Number         0  sys_command_hlt.o ABSOLUTE
    ../clib/angel/sysapp.c                   0x00000000   Number         0  sys_wrch.o ABSOLUTE
    ../clib/angel/sysapp.c                   0x00000000   Number         0  sys_wrch_hlt.o ABSOLUTE
    ../clib/armsys.c                         0x00000000   Number         0  argv_veneer.o ABSOLUTE
    ../clib/armsys.c                         0x00000000   Number         0  argv_veneer.o ABSOLUTE
    ../clib/armsys.c                         0x00000000   Number         0  _get_argv_nomalloc.o ABSOLUTE
    ../clib/armsys.c                         0x00000000   Number         0  no_argv.o ABSOLUTE
    ../clib/heapalloc.c                      0x00000000   Number         0  hrguard.o ABSOLUTE
    ../clib/heapaux.c                        0x00000000   Number         0  heapauxi.o ABSOLUTE
    ../clib/libinit.s                        0x00000000   Number         0  libinit.o ABSOLUTE
    ../clib/libinit.s                        0x00000000   Number         0  libinit2.o ABSOLUTE
    ../clib/libinit.s                        0x00000000   Number         0  libshutdown.o ABSOLUTE
    ../clib/libinit.s                        0x00000000   Number         0  libshutdown2.o ABSOLUTE
    ../clib/signal.c                         0x00000000   Number         0  defsig_rtmem_outer.o ABSOLUTE
    ../clib/signal.c                         0x00000000   Number         0  defsig_rtmem_formal.o ABSOLUTE
    ../clib/signal.c                         0x00000000   Number         0  defsig_exit.o ABSOLUTE
    ../clib/signal.c                         0x00000000   Number         0  defsig_rtmem_inner.o ABSOLUTE
    ../clib/signal.c                         0x00000000   Number         0  __raise.o ABSOLUTE
    ../clib/signal.c                         0x00000000   Number         0  defsig_general.o ABSOLUTE
    ../clib/signal.c                         0x00000000   Number         0  defsig_abrt_inner.o ABSOLUTE
    ../clib/signal.c                         0x00000000   Number         0  defsig_fpe_inner.o ABSOLUTE
    ../clib/signal.c                         0x00000000   Number         0  defsig_rtred_inner.o ABSOLUTE
    ../clib/signal.c                         0x00000000   Number         0  defsig_stak_inner.o ABSOLUTE
    ../clib/signal.c                         0x00000000   Number         0  defsig_pvfn_inner.o ABSOLUTE
    ../clib/signal.c                         0x00000000   Number         0  defsig_cppl_inner.o ABSOLUTE
    ../clib/signal.c                         0x00000000   Number         0  defsig_segv_inner.o ABSOLUTE
    ../clib/signal.c                         0x00000000   Number         0  defsig_other.o ABSOLUTE
    ../clib/signal.s                         0x00000000   Number         0  defsig.o ABSOLUTE
    ../clib/stdlib.c                         0x00000000   Number         0  exit.o ABSOLUTE
    ../fplib/fpinit.s                        0x00000000   Number         0  fpinit.o ABSOLUTE
    RTE/Device/STM32F411CEUx/startup_stm32f411xe.s 0x00000000   Number         0  startup_stm32f411xe.o ABSOLUTE
    dc.s                                     0x00000000   Number         0  dc.o ABSOLUTE
    main.cpp                                 0x00000000   Number         0  main.o ABSOLUTE
    system_stm32f4xx.c                       0x00000000   Number         0  system_stm32f4xx.o ABSOLUTE
    RESET                                    0x08000000   Section      408  startup_stm32f411xe.o(RESET)
    !!!main                                  0x08000198   Section        8  __main.o(!!!main)
    !!!scatter                               0x080001a0   Section       52  __scatter.o(!!!scatter)
    !!handler_copy                           0x080001d4   Section       26  __scatter_copy.o(!!handler_copy)
    !!handler_zi                             0x080001f0   Section       28  __scatter_zi.o(!!handler_zi)
    .ARM.Collect$$libinit$$00000000          0x0800020c   Section        2  libinit.o(.ARM.Collect$$libinit$$00000000)
    .ARM.Collect$$libinit$$00000001          0x0800020e   Section        4  libinit2.o(.ARM.Collect$$libinit$$00000001)
    .ARM.Collect$$libinit$$00000004          0x08000212   Section        0  libinit2.o(.ARM.Collect$$libinit$$00000004)
    .ARM.Collect$$libinit$$0000000A          0x08000212   Section        0  libinit2.o(.ARM.Collect$$libinit$$0000000A)
    .ARM.Collect$$libinit$$0000000C          0x08000212   Section        0  libinit2.o(.ARM.Collect$$libinit$$0000000C)
    .ARM.Collect$$libinit$$0000000E          0x08000212   Section        0  libinit2.o(.ARM.Collect$$libinit$$0000000E)
    .ARM.Collect$$libinit$$00000011          0x08000212   Section        0  libinit2.o(.ARM.Collect$$libinit$$00000011)
    .ARM.Collect$$libinit$$00000013          0x08000212   Section        0  libinit2.o(.ARM.Collect$$libinit$$00000013)
    .ARM.Collect$$libinit$$00000015          0x08000212   Section        0  libinit2.o(.ARM.Collect$$libinit$$00000015)
    .ARM.Collect$$libinit$$00000017          0x08000212   Section        0  libinit2.o(.ARM.Collect$$libinit$$00000017)
    .ARM.Collect$$libinit$$00000019          0x08000212   Section        0  libinit2.o(.ARM.Collect$$libinit$$00000019)
    .ARM.Collect$$libinit$$0000001B          0x08000212   Section        0  libinit2.o(.ARM.Collect$$libinit$$0000001B)
    .ARM.Collect$$libinit$$0000001D          0x08000212   Section        0  libinit2.o(.ARM.Collect$$libinit$$0000001D)
    .ARM.Collect$$libinit$$0000001F          0x08000212   Section        0  libinit2.o(.ARM.Collect$$libinit$$0000001F)
    .ARM.Collect$$libinit$$00000021          0x08000212   Section        0  libinit2.o(.ARM.Collect$$libinit$$00000021)
    .ARM.Collect$$libinit$$00000023          0x08000212   Section        0  libinit2.o(.ARM.Collect$$libinit$$00000023)
    .ARM.Collect$$libinit$$00000025          0x08000212   Section        0  libinit2.o(.ARM.Collect$$libinit$$00000025)
    .ARM.Collect$$libinit$$0000002C          0x08000212   Section        0  libinit2.o(.ARM.Collect$$libinit$$0000002C)
    .ARM.Collect$$libinit$$0000002E          0x08000212   Section        0  libinit2.o(.ARM.Collect$$libinit$$0000002E)
    .ARM.Collect$$libinit$$00000030          0x08000212   Section        0  libinit2.o(.ARM.Collect$$libinit$$00000030)
    .ARM.Collect$$libinit$$00000032          0x08000212   Section        0  libinit2.o(.ARM.Collect$$libinit$$00000032)
    .ARM.Collect$$libinit$$00000033          0x08000212   Section        2  libinit2.o(.ARM.Collect$$libinit$$00000033)
    .ARM.Collect$$libshutdown$$00000000      0x08000214   Section        2  libshutdown.o(.ARM.Collect$$libshutdown$$00000000)
    .ARM.Collect$$libshutdown$$00000002      0x08000216   Section        0  libshutdown2.o(.ARM.Collect$$libshutdown$$00000002)
    .ARM.Collect$$libshutdown$$00000004      0x08000216   Section        0  libshutdown2.o(.ARM.Collect$$libshutdown$$00000004)
    .ARM.Collect$$libshutdown$$00000007      0x08000216   Section        0  libshutdown2.o(.ARM.Collect$$libshutdown$$00000007)
    .ARM.Collect$$libshutdown$$0000000A      0x08000216   Section        0  libshutdown2.o(.ARM.Collect$$libshutdown$$0000000A)
    .ARM.Collect$$libshutdown$$0000000C      0x08000216   Section        0  libshutdown2.o(.ARM.Collect$$libshutdown$$0000000C)
    .ARM.Collect$$libshutdown$$0000000F      0x08000216   Section        0  libshutdown2.o(.ARM.Collect$$libshutdown$$0000000F)
    .ARM.Collect$$libshutdown$$00000010      0x08000216   Section        2  libshutdown2.o(.ARM.Collect$$libshutdown$$00000010)
    .ARM.Collect$$rtentry$$00000000          0x08000218   Section        0  __rtentry.o(.ARM.Collect$$rtentry$$00000000)
    .ARM.Collect$$rtentry$$00000002          0x08000218   Section        0  __rtentry2.o(.ARM.Collect$$rtentry$$00000002)
    .ARM.Collect$$rtentry$$00000004          0x08000218   Section        6  __rtentry4.o(.ARM.Collect$$rtentry$$00000004)
    .ARM.Collect$$rtentry$$00000009          0x0800021e   Section        0  __rtentry2.o(.ARM.Collect$$rtentry$$00000009)
    .ARM.Collect$$rtentry$$0000000A          0x0800021e   Section        4  __rtentry2.o(.ARM.Collect$$rtentry$$0000000A)
    .ARM.Collect$$rtentry$$0000000C          0x08000222   Section        0  __rtentry2.o(.ARM.Collect$$rtentry$$0000000C)
    .ARM.Collect$$rtentry$$0000000D          0x08000222   Section        8  __rtentry2.o(.ARM.Collect$$rtentry$$0000000D)
    .ARM.Collect$$rtexit$$00000000           0x0800022a   Section        2  rtexit.o(.ARM.Collect$$rtexit$$00000000)
    .ARM.Collect$$rtexit$$00000002           0x0800022c   Section        0  rtexit2.o(.ARM.Collect$$rtexit$$00000002)
    .ARM.Collect$$rtexit$$00000003           0x0800022c   Section        4  rtexit2.o(.ARM.Collect$$rtexit$$00000003)
    .ARM.Collect$$rtexit$$00000004           0x08000230   Section        6  rtexit2.o(.ARM.Collect$$rtexit$$00000004)
    $v0                                      0x08000238   Number         0  startup_stm32f411xe.o(.text)
    .text                                    0x08000238   Section       64  startup_stm32f411xe.o(.text)
    .text                                    0x08000278   Section        0  heapauxi.o(.text)
    .text                                    0x0800027e   Section       74  sys_stackheap_outer.o(.text)
    .text                                    0x080002c8   Section        0  exit.o(.text)
    .text                                    0x080002dc   Section        8  libspace.o(.text)
    .text                                    0x080002e4   Section        0  sys_exit.o(.text)
    .text                                    0x080002f0   Section        2  use_no_semi.o(.text)
    .text                                    0x080002f2   Section        0  indicate_semi.o(.text)
    [Anonymous Symbol]                       0x080002f4   Section        0  system_stm32f4xx.o(.text.SystemInit)
    [Anonymous Symbol]                       0x08000308   Section        0  main.o(.text._Z17configurarPuertoAv)
    [Anonymous Symbol]                       0x08000368   Section        0  main.o(.text._Z17configurarPuertoBv)
    [Anonymous Symbol]                       0x08000398   Section        0  main.o(.text._Z4seq2v)
    [Anonymous Symbol]                       0x08000470   Section        0  main.o(.text._Z4seq3v)
    [Anonymous Symbol]                       0x08000518   Section        0  main.o(.text._Z5rosasv)
    [Anonymous Symbol]                       0x08000530   Section        0  main.o(.text._Z5timeAv)
    [Anonymous Symbol]                       0x08000554   Section        0  main.o(.text._Z5timeBv)
    [Anonymous Symbol]                       0x08000578   Section        0  main.o(.text._Z5timeCv)
    [Anonymous Symbol]                       0x0800059c   Section        0  main.o(.text._Z5timeDv)
    [Anonymous Symbol]                       0x080005c0   Section        0  main.o(.text._Z5timeEv)
    [Anonymous Symbol]                       0x080005e4   Section        0  main.o(.text._Z5timeGv)
    [Anonymous Symbol]                       0x08000608   Section        0  main.o(.text._Z5timeIv)
    [Anonymous Symbol]                       0x0800062c   Section        0  main.o(.text._Z5timeKv)
    [Anonymous Symbol]                       0x08000650   Section        0  main.o(.text._Z5timeLv)
    [Anonymous Symbol]                       0x08000674   Section        0  main.o(.text._Z5timeNv)
    [Anonymous Symbol]                       0x08000698   Section        0  main.o(.text._Z5timeOv)
    [Anonymous Symbol]                       0x080006bc   Section        0  main.o(.text._Z5timeQv)
    [Anonymous Symbol]                       0x080006e0   Section        0  main.o(.text._Z5timeRv)
    [Anonymous Symbol]                       0x08000704   Section        0  main.o(.text._Z5timeSv)
    [Anonymous Symbol]                       0x08000728   Section        0  main.o(.text._Z5timeTv)
    [Anonymous Symbol]                       0x0800074c   Section        0  main.o(.text._Z5timeUv)
    [Anonymous Symbol]                       0x08000770   Section        0  main.o(.text._Z5timeVv)
    [Anonymous Symbol]                       0x08000794   Section        0  main.o(.text._Z5timeWv)
    [Anonymous Symbol]                       0x080007b8   Section        0  main.o(.text._Z5timeYv)
    [Anonymous Symbol]                       0x080007dc   Section        0  main.o(.text._Z6andresv)
    [Anonymous Symbol]                       0x080007f8   Section        0  main.o(.text._Z6araquev)
    [Anonymous Symbol]                       0x08000814   Section        0  main.o(.text._Z6danielv)
    [Anonymous Symbol]                       0x08000830   Section        0  main.o(.text._Z6garciav)
    [Anonymous Symbol]                       0x0800084c   Section        0  main.o(.text._Z6letraAv)
    [Anonymous Symbol]                       0x08000858   Section        0  main.o(.text._Z6letraBv)
    [Anonymous Symbol]                       0x08000864   Section        0  main.o(.text._Z6letraCv)
    [Anonymous Symbol]                       0x08000870   Section        0  main.o(.text._Z6letraDv)
    [Anonymous Symbol]                       0x0800087c   Section        0  main.o(.text._Z6letraEv)
    [Anonymous Symbol]                       0x08000888   Section        0  main.o(.text._Z6letraGv)
    [Anonymous Symbol]                       0x08000894   Section        0  main.o(.text._Z6letraIv)
    [Anonymous Symbol]                       0x080008a0   Section        0  main.o(.text._Z6letraKv)
    [Anonymous Symbol]                       0x080008ac   Section        0  main.o(.text._Z6letraLv)
    [Anonymous Symbol]                       0x080008b8   Section        0  main.o(.text._Z6letraNv)
    [Anonymous Symbol]                       0x080008c4   Section        0  main.o(.text._Z6letraOv)
    [Anonymous Symbol]                       0x080008d0   Section        0  main.o(.text._Z6letraQv)
    [Anonymous Symbol]                       0x080008dc   Section        0  main.o(.text._Z6letraRv)
    [Anonymous Symbol]                       0x080008e8   Section        0  main.o(.text._Z6letraSv)
    [Anonymous Symbol]                       0x080008f4   Section        0  main.o(.text._Z6letraTv)
    [Anonymous Symbol]                       0x08000900   Section        0  main.o(.text._Z6letraUv)
    [Anonymous Symbol]                       0x0800090c   Section        0  main.o(.text._Z6letraVv)
    [Anonymous Symbol]                       0x08000918   Section        0  main.o(.text._Z6letraWv)
    [Anonymous Symbol]                       0x08000924   Section        0  main.o(.text._Z6letraYv)
    [Anonymous Symbol]                       0x08000930   Section        0  main.o(.text._Z8ledbtnonv)
    [Anonymous Symbol]                       0x08000960   Section        0  main.o(.text.main)
    $v0                                      0x08000a1a   Number         0  fpinit.o(x$fpl$fpinit)
    x$fpl$fpinit                             0x08000a1a   Section       26  fpinit.o(x$fpl$fpinit)
    .bss                                     0x20000008   Section       96  libspace.o(.bss)
    Heap_Mem                                 0x20000068   Data         512  startup_stm32f411xe.o(HEAP)
    HEAP                                     0x20000068   Section      512  startup_stm32f411xe.o(HEAP)
    Stack_Mem                                0x20000268   Data        1024  startup_stm32f411xe.o(STACK)
    STACK                                    0x20000268   Section     1024  startup_stm32f411xe.o(STACK)
    __initial_sp                             0x20000668   Data           0  startup_stm32f411xe.o(STACK)

    Global Symbols

    Symbol Name                              Value     Ov Type        Size  Object(Section)

    BuildAttributes$$THM_ISAv4$E$P$D$K$B$S$7EM$VFPi3$EXTD16$VFPS$VFMA$PE$A:L22UL41UL21$X:L11$S22US41US21$IEEE1$IW$~IW$USESV6$~STKCKD$USESV7$~SHL$OTIME$ROPI$EBA8$UX$STANDARDLIB$REQ8$PRES8$EABIv2 0x00000000   Number         0  anon$$obj.o ABSOLUTE
    __ARM_exceptions_init                     - Undefined Weak Reference
    __alloca_initialize                       - Undefined Weak Reference
    __arm_preinit_                            - Undefined Weak Reference
    __cpp_initialize__aeabi_                  - Undefined Weak Reference
    __cxa_finalize                            - Undefined Weak Reference
    __rt_locale                               - Undefined Weak Reference
    __sigvec_lookup                           - Undefined Weak Reference
    _atexit_init                              - Undefined Weak Reference
    _call_atexit_fns                          - Undefined Weak Reference
    _clock_init                               - Undefined Weak Reference
    _fp_trap_init                             - Undefined Weak Reference
    _fp_trap_shutdown                         - Undefined Weak Reference
    _get_lc_collate                           - Undefined Weak Reference
    _get_lc_ctype                             - Undefined Weak Reference
    _get_lc_monetary                          - Undefined Weak Reference
    _get_lc_numeric                           - Undefined Weak Reference
    _get_lc_time                              - Undefined Weak Reference
    _getenv_init                              - Undefined Weak Reference
    _handle_redirection                       - Undefined Weak Reference
    _init_alloc                               - Undefined Weak Reference
    _init_user_alloc                          - Undefined Weak Reference
    _initio                                   - Undefined Weak Reference
    _rand_init                                - Undefined Weak Reference
    _signal_finish                            - Undefined Weak Reference
    _signal_init                              - Undefined Weak Reference
    _terminate_alloc                          - Undefined Weak Reference
    _terminate_user_alloc                     - Undefined Weak Reference
    _terminateio                              - Undefined Weak Reference
    __Vectors_Size                           0x00000198   Number         0  startup_stm32f411xe.o ABSOLUTE
    __Vectors                                0x08000000   Data           4  startup_stm32f411xe.o(RESET)
    __Vectors_End                            0x08000198   Data           0  startup_stm32f411xe.o(RESET)
    __main                                   0x08000199   Thumb Code     8  __main.o(!!!main)
    __scatterload                            0x080001a1   Thumb Code     0  __scatter.o(!!!scatter)
    __scatterload_rt2                        0x080001a1   Thumb Code    44  __scatter.o(!!!scatter)
    __scatterload_rt2_thumb_only             0x080001a1   Thumb Code     0  __scatter.o(!!!scatter)
    __scatterload_null                       0x080001af   Thumb Code     0  __scatter.o(!!!scatter)
    __scatterload_copy                       0x080001d5   Thumb Code    26  __scatter_copy.o(!!handler_copy)
    __scatterload_zeroinit                   0x080001f1   Thumb Code    28  __scatter_zi.o(!!handler_zi)
    __rt_lib_init                            0x0800020d   Thumb Code     0  libinit.o(.ARM.Collect$$libinit$$00000000)
    __rt_lib_init_fp_1                       0x0800020f   Thumb Code     0  libinit2.o(.ARM.Collect$$libinit$$00000001)
    __rt_lib_init_alloca_1                   0x08000213   Thumb Code     0  libinit2.o(.ARM.Collect$$libinit$$0000002E)
    __rt_lib_init_argv_1                     0x08000213   Thumb Code     0  libinit2.o(.ARM.Collect$$libinit$$0000002C)
    __rt_lib_init_atexit_1                   0x08000213   Thumb Code     0  libinit2.o(.ARM.Collect$$libinit$$0000001B)
    __rt_lib_init_clock_1                    0x08000213   Thumb Code     0  libinit2.o(.ARM.Collect$$libinit$$00000021)
    __rt_lib_init_cpp_1                      0x08000213   Thumb Code     0  libinit2.o(.ARM.Collect$$libinit$$00000032)
    __rt_lib_init_exceptions_1               0x08000213   Thumb Code     0  libinit2.o(.ARM.Collect$$libinit$$00000030)
    __rt_lib_init_fp_trap_1                  0x08000213   Thumb Code     0  libinit2.o(.ARM.Collect$$libinit$$0000001F)
    __rt_lib_init_getenv_1                   0x08000213   Thumb Code     0  libinit2.o(.ARM.Collect$$libinit$$00000023)
    __rt_lib_init_heap_1                     0x08000213   Thumb Code     0  libinit2.o(.ARM.Collect$$libinit$$0000000A)
    __rt_lib_init_lc_collate_1               0x08000213   Thumb Code     0  libinit2.o(.ARM.Collect$$libinit$$00000011)
    __rt_lib_init_lc_ctype_1                 0x08000213   Thumb Code     0  libinit2.o(.ARM.Collect$$libinit$$00000013)
    __rt_lib_init_lc_monetary_1              0x08000213   Thumb Code     0  libinit2.o(.ARM.Collect$$libinit$$00000015)
    __rt_lib_init_lc_numeric_1               0x08000213   Thumb Code     0  libinit2.o(.ARM.Collect$$libinit$$00000017)
    __rt_lib_init_lc_time_1                  0x08000213   Thumb Code     0  libinit2.o(.ARM.Collect$$libinit$$00000019)
    __rt_lib_init_preinit_1                  0x08000213   Thumb Code     0  libinit2.o(.ARM.Collect$$libinit$$00000004)
    __rt_lib_init_rand_1                     0x08000213   Thumb Code     0  libinit2.o(.ARM.Collect$$libinit$$0000000E)
    __rt_lib_init_return                     0x08000213   Thumb Code     0  libinit2.o(.ARM.Collect$$libinit$$00000033)
    __rt_lib_init_signal_1                   0x08000213   Thumb Code     0  libinit2.o(.ARM.Collect$$libinit$$0000001D)
    __rt_lib_init_stdio_1                    0x08000213   Thumb Code     0  libinit2.o(.ARM.Collect$$libinit$$00000025)
    __rt_lib_init_user_alloc_1               0x08000213   Thumb Code     0  libinit2.o(.ARM.Collect$$libinit$$0000000C)
    __rt_lib_shutdown                        0x08000215   Thumb Code     0  libshutdown.o(.ARM.Collect$$libshutdown$$00000000)
    __rt_lib_shutdown_cpp_1                  0x08000217   Thumb Code     0  libshutdown2.o(.ARM.Collect$$libshutdown$$00000002)
    __rt_lib_shutdown_fp_trap_1              0x08000217   Thumb Code     0  libshutdown2.o(.ARM.Collect$$libshutdown$$00000007)
    __rt_lib_shutdown_heap_1                 0x08000217   Thumb Code     0  libshutdown2.o(.ARM.Collect$$libshutdown$$0000000F)
    __rt_lib_shutdown_return                 0x08000217   Thumb Code     0  libshutdown2.o(.ARM.Collect$$libshutdown$$00000010)
    __rt_lib_shutdown_signal_1               0x08000217   Thumb Code     0  libshutdown2.o(.ARM.Collect$$libshutdown$$0000000A)
    __rt_lib_shutdown_stdio_1                0x08000217   Thumb Code     0  libshutdown2.o(.ARM.Collect$$libshutdown$$00000004)
    __rt_lib_shutdown_user_alloc_1           0x08000217   Thumb Code     0  libshutdown2.o(.ARM.Collect$$libshutdown$$0000000C)
    __rt_entry                               0x08000219   Thumb Code     0  __rtentry.o(.ARM.Collect$$rtentry$$00000000)
    __rt_entry_presh_1                       0x08000219   Thumb Code     0  __rtentry2.o(.ARM.Collect$$rtentry$$00000002)
    __rt_entry_sh                            0x08000219   Thumb Code     0  __rtentry4.o(.ARM.Collect$$rtentry$$00000004)
    __rt_entry_li                            0x0800021f   Thumb Code     0  __rtentry2.o(.ARM.Collect$$rtentry$$0000000A)
    __rt_entry_postsh_1                      0x0800021f   Thumb Code     0  __rtentry2.o(.ARM.Collect$$rtentry$$00000009)
    __rt_entry_main                          0x08000223   Thumb Code     0  __rtentry2.o(.ARM.Collect$$rtentry$$0000000D)
    __rt_entry_postli_1                      0x08000223   Thumb Code     0  __rtentry2.o(.ARM.Collect$$rtentry$$0000000C)
    __rt_exit                                0x0800022b   Thumb Code     0  rtexit.o(.ARM.Collect$$rtexit$$00000000)
    __rt_exit_ls                             0x0800022d   Thumb Code     0  rtexit2.o(.ARM.Collect$$rtexit$$00000003)
    __rt_exit_prels_1                        0x0800022d   Thumb Code     0  rtexit2.o(.ARM.Collect$$rtexit$$00000002)
    __rt_exit_exit                           0x08000231   Thumb Code     0  rtexit2.o(.ARM.Collect$$rtexit$$00000004)
    Reset_Handler                            0x08000239   Thumb Code     8  startup_stm32f411xe.o(.text)
    NMI_Handler                              0x08000241   Thumb Code     2  startup_stm32f411xe.o(.text)
    HardFault_Handler                        0x08000243   Thumb Code     2  startup_stm32f411xe.o(.text)
    MemManage_Handler                        0x08000245   Thumb Code     2  startup_stm32f411xe.o(.text)
    BusFault_Handler                         0x08000247   Thumb Code     2  startup_stm32f411xe.o(.text)
    UsageFault_Handler                       0x08000249   Thumb Code     2  startup_stm32f411xe.o(.text)
    SVC_Handler                              0x0800024b   Thumb Code     2  startup_stm32f411xe.o(.text)
    DebugMon_Handler                         0x0800024d   Thumb Code     2  startup_stm32f411xe.o(.text)
    PendSV_Handler                           0x0800024f   Thumb Code     2  startup_stm32f411xe.o(.text)
    SysTick_Handler                          0x08000251   Thumb Code     2  startup_stm32f411xe.o(.text)
    ADC_IRQHandler                           0x08000253   Thumb Code     0  startup_stm32f411xe.o(.text)
    DMA1_Stream0_IRQHandler                  0x08000253   Thumb Code     0  startup_stm32f411xe.o(.text)
    DMA1_Stream1_IRQHandler                  0x08000253   Thumb Code     0  startup_stm32f411xe.o(.text)
    DMA1_Stream2_IRQHandler                  0x08000253   Thumb Code     0  startup_stm32f411xe.o(.text)
    DMA1_Stream3_IRQHandler                  0x08000253   Thumb Code     0  startup_stm32f411xe.o(.text)
    DMA1_Stream4_IRQHandler                  0x08000253   Thumb Code     0  startup_stm32f411xe.o(.text)
    DMA1_Stream5_IRQHandler                  0x08000253   Thumb Code     0  startup_stm32f411xe.o(.text)
    DMA1_Stream6_IRQHandler                  0x08000253   Thumb Code     0  startup_stm32f411xe.o(.text)
    DMA1_Stream7_IRQHandler                  0x08000253   Thumb Code     0  startup_stm32f411xe.o(.text)
    DMA2_Stream0_IRQHandler                  0x08000253   Thumb Code     0  startup_stm32f411xe.o(.text)
    DMA2_Stream1_IRQHandler                  0x08000253   Thumb Code     0  startup_stm32f411xe.o(.text)
    DMA2_Stream2_IRQHandler                  0x08000253   Thumb Code     0  startup_stm32f411xe.o(.text)
    DMA2_Stream3_IRQHandler                  0x08000253   Thumb Code     0  startup_stm32f411xe.o(.text)
    DMA2_Stream4_IRQHandler                  0x08000253   Thumb Code     0  startup_stm32f411xe.o(.text)
    DMA2_Stream5_IRQHandler                  0x08000253   Thumb Code     0  startup_stm32f411xe.o(.text)
    DMA2_Stream6_IRQHandler                  0x08000253   Thumb Code     0  startup_stm32f411xe.o(.text)
    DMA2_Stream7_IRQHandler                  0x08000253   Thumb Code     0  startup_stm32f411xe.o(.text)
    EXTI0_IRQHandler                         0x08000253   Thumb Code     0  startup_stm32f411xe.o(.text)
    EXTI15_10_IRQHandler                     0x08000253   Thumb Code     0  startup_stm32f411xe.o(.text)
    EXTI1_IRQHandler                         0x08000253   Thumb Code     0  startup_stm32f411xe.o(.text)
    EXTI2_IRQHandler                         0x08000253   Thumb Code     0  startup_stm32f411xe.o(.text)
    EXTI3_IRQHandler                         0x08000253   Thumb Code     0  startup_stm32f411xe.o(.text)
    EXTI4_IRQHandler                         0x08000253   Thumb Code     0  startup_stm32f411xe.o(.text)
    EXTI9_5_IRQHandler                       0x08000253   Thumb Code     0  startup_stm32f411xe.o(.text)
    FLASH_IRQHandler                         0x08000253   Thumb Code     0  startup_stm32f411xe.o(.text)
    FPU_IRQHandler                           0x08000253   Thumb Code     0  startup_stm32f411xe.o(.text)
    I2C1_ER_IRQHandler                       0x08000253   Thumb Code     0  startup_stm32f411xe.o(.text)
    I2C1_EV_IRQHandler                       0x08000253   Thumb Code     0  startup_stm32f411xe.o(.text)
    I2C2_ER_IRQHandler                       0x08000253   Thumb Code     0  startup_stm32f411xe.o(.text)
    I2C2_EV_IRQHandler                       0x08000253   Thumb Code     0  startup_stm32f411xe.o(.text)
    I2C3_ER_IRQHandler                       0x08000253   Thumb Code     0  startup_stm32f411xe.o(.text)
    I2C3_EV_IRQHandler                       0x08000253   Thumb Code     0  startup_stm32f411xe.o(.text)
    OTG_FS_IRQHandler                        0x08000253   Thumb Code     0  startup_stm32f411xe.o(.text)
    OTG_FS_WKUP_IRQHandler                   0x08000253   Thumb Code     0  startup_stm32f411xe.o(.text)
    PVD_IRQHandler                           0x08000253   Thumb Code     0  startup_stm32f411xe.o(.text)
    RCC_IRQHandler                           0x08000253   Thumb Code     0  startup_stm32f411xe.o(.text)
    RTC_Alarm_IRQHandler                     0x08000253   Thumb Code     0  startup_stm32f411xe.o(.text)
    RTC_WKUP_IRQHandler                      0x08000253   Thumb Code     0  startup_stm32f411xe.o(.text)
    SDIO_IRQHandler                          0x08000253   Thumb Code     0  startup_stm32f411xe.o(.text)
    SPI1_IRQHandler                          0x08000253   Thumb Code     0  startup_stm32f411xe.o(.text)
    SPI2_IRQHandler                          0x08000253   Thumb Code     0  startup_stm32f411xe.o(.text)
    SPI3_IRQHandler                          0x08000253   Thumb Code     0  startup_stm32f411xe.o(.text)
    SPI4_IRQHandler                          0x08000253   Thumb Code     0  startup_stm32f411xe.o(.text)
    SPI5_IRQHandler                          0x08000253   Thumb Code     0  startup_stm32f411xe.o(.text)
    TAMP_STAMP_IRQHandler                    0x08000253   Thumb Code     0  startup_stm32f411xe.o(.text)
    TIM1_BRK_TIM9_IRQHandler                 0x08000253   Thumb Code     0  startup_stm32f411xe.o(.text)
    TIM1_CC_IRQHandler                       0x08000253   Thumb Code     0  startup_stm32f411xe.o(.text)
    TIM1_TRG_COM_TIM11_IRQHandler            0x08000253   Thumb Code     0  startup_stm32f411xe.o(.text)
    TIM1_UP_TIM10_IRQHandler                 0x08000253   Thumb Code     0  startup_stm32f411xe.o(.text)
    TIM2_IRQHandler                          0x08000253   Thumb Code     0  startup_stm32f411xe.o(.text)
    TIM3_IRQHandler                          0x08000253   Thumb Code     0  startup_stm32f411xe.o(.text)
    TIM4_IRQHandler                          0x08000253   Thumb Code     0  startup_stm32f411xe.o(.text)
    TIM5_IRQHandler                          0x08000253   Thumb Code     0  startup_stm32f411xe.o(.text)
    USART1_IRQHandler                        0x08000253   Thumb Code     0  startup_stm32f411xe.o(.text)
    USART2_IRQHandler                        0x08000253   Thumb Code     0  startup_stm32f411xe.o(.text)
    USART6_IRQHandler                        0x08000253   Thumb Code     0  startup_stm32f411xe.o(.text)
    WWDG_IRQHandler                          0x08000253   Thumb Code     0  startup_stm32f411xe.o(.text)
    __user_initial_stackheap                 0x08000255   Thumb Code     0  startup_stm32f411xe.o(.text)
    __use_two_region_memory                  0x08000279   Thumb Code     2  heapauxi.o(.text)
    __rt_heap_escrow$2region                 0x0800027b   Thumb Code     2  heapauxi.o(.text)
    __rt_heap_expand$2region                 0x0800027d   Thumb Code     2  heapauxi.o(.text)
    __user_setup_stackheap                   0x0800027f   Thumb Code    74  sys_stackheap_outer.o(.text)
    exit                                     0x080002c9   Thumb Code    18  exit.o(.text)
    __user_libspace                          0x080002dd   Thumb Code     8  libspace.o(.text)
    __user_perproc_libspace                  0x080002dd   Thumb Code     0  libspace.o(.text)
    __user_perthread_libspace                0x080002dd   Thumb Code     0  libspace.o(.text)
    _sys_exit                                0x080002e5   Thumb Code     8  sys_exit.o(.text)
    __I$use$semihosting                      0x080002f1   Thumb Code     0  use_no_semi.o(.text)
    __use_no_semihosting_swi                 0x080002f1   Thumb Code     2  use_no_semi.o(.text)
    __semihosting_library_function           0x080002f3   Thumb Code     0  indicate_semi.o(.text)
    SystemInit                               0x080002f5   Thumb Code    18  system_stm32f4xx.o(.text.SystemInit)
    configurarPuertoA()                      0x08000309   Thumb Code    94  main.o(.text._Z17configurarPuertoAv)
    configurarPuertoB()                      0x08000369   Thumb Code    46  main.o(.text._Z17configurarPuertoBv)
    seq2()                                   0x08000399   Thumb Code   214  main.o(.text._Z4seq2v)
    seq3()                                   0x08000471   Thumb Code   166  main.o(.text._Z4seq3v)
    rosas()                                  0x08000519   Thumb Code    24  main.o(.text._Z5rosasv)
    timeA()                                  0x08000531   Thumb Code    34  main.o(.text._Z5timeAv)
    timeB()                                  0x08000555   Thumb Code    34  main.o(.text._Z5timeBv)
    timeC()                                  0x08000579   Thumb Code    34  main.o(.text._Z5timeCv)
    timeD()                                  0x0800059d   Thumb Code    34  main.o(.text._Z5timeDv)
    timeE()                                  0x080005c1   Thumb Code    34  main.o(.text._Z5timeEv)
    timeG()                                  0x080005e5   Thumb Code    34  main.o(.text._Z5timeGv)
    timeI()                                  0x08000609   Thumb Code    34  main.o(.text._Z5timeIv)
    timeK()                                  0x0800062d   Thumb Code    34  main.o(.text._Z5timeKv)
    timeL()                                  0x08000651   Thumb Code    34  main.o(.text._Z5timeLv)
    timeN()                                  0x08000675   Thumb Code    34  main.o(.text._Z5timeNv)
    timeO()                                  0x08000699   Thumb Code    34  main.o(.text._Z5timeOv)
    timeQ()                                  0x080006bd   Thumb Code    34  main.o(.text._Z5timeQv)
    timeR()                                  0x080006e1   Thumb Code    34  main.o(.text._Z5timeRv)
    timeS()                                  0x08000705   Thumb Code    34  main.o(.text._Z5timeSv)
    timeT()                                  0x08000729   Thumb Code    34  main.o(.text._Z5timeTv)
    timeU()                                  0x0800074d   Thumb Code    34  main.o(.text._Z5timeUv)
    timeV()                                  0x08000771   Thumb Code    34  main.o(.text._Z5timeVv)
    timeW()                                  0x08000795   Thumb Code    34  main.o(.text._Z5timeWv)
    timeY()                                  0x080007b9   Thumb Code    34  main.o(.text._Z5timeYv)
    andres()                                 0x080007dd   Thumb Code    28  main.o(.text._Z6andresv)
    araque()                                 0x080007f9   Thumb Code    28  main.o(.text._Z6araquev)
    daniel()                                 0x08000815   Thumb Code    28  main.o(.text._Z6danielv)
    garcia()                                 0x08000831   Thumb Code    28  main.o(.text._Z6garciav)
    letraA()                                 0x0800084d   Thumb Code    12  main.o(.text._Z6letraAv)
    letraB()                                 0x08000859   Thumb Code    12  main.o(.text._Z6letraBv)
    letraC()                                 0x08000865   Thumb Code    12  main.o(.text._Z6letraCv)
    letraD()                                 0x08000871   Thumb Code    12  main.o(.text._Z6letraDv)
    letraE()                                 0x0800087d   Thumb Code    12  main.o(.text._Z6letraEv)
    letraG()                                 0x08000889   Thumb Code    12  main.o(.text._Z6letraGv)
    letraI()                                 0x08000895   Thumb Code    12  main.o(.text._Z6letraIv)
    letraK()                                 0x080008a1   Thumb Code    12  main.o(.text._Z6letraKv)
    letraL()                                 0x080008ad   Thumb Code    12  main.o(.text._Z6letraLv)
    letraN()                                 0x080008b9   Thumb Code    12  main.o(.text._Z6letraNv)
    letraO()                                 0x080008c5   Thumb Code    12  main.o(.text._Z6letraOv)
    letraQ()                                 0x080008d1   Thumb Code    12  main.o(.text._Z6letraQv)
    letraR()                                 0x080008dd   Thumb Code    12  main.o(.text._Z6letraRv)
    letraS()                                 0x080008e9   Thumb Code    12  main.o(.text._Z6letraSv)
    letraT()                                 0x080008f5   Thumb Code    12  main.o(.text._Z6letraTv)
    letraU()                                 0x08000901   Thumb Code    12  main.o(.text._Z6letraUv)
    letraV()                                 0x0800090d   Thumb Code    12  main.o(.text._Z6letraVv)
    letraW()                                 0x08000919   Thumb Code    12  main.o(.text._Z6letraWv)
    letraY()                                 0x08000925   Thumb Code    12  main.o(.text._Z6letraYv)
    ledbtnon()                               0x08000931   Thumb Code    46  main.o(.text._Z8ledbtnonv)
    main                                     0x08000961   Thumb Code   186  main.o(.text.main)
    _fp_init                                 0x08000a1b   Thumb Code    26  fpinit.o(x$fpl$fpinit)
    __fplib_config_fpu_vfp                   0x08000a33   Thumb Code     0  fpinit.o(x$fpl$fpinit)
    __fplib_config_pureend_doubles           0x08000a33   Thumb Code     0  fpinit.o(x$fpl$fpinit)
    Region$$Table$$Base                      0x08000a34   Number         0  anon$$obj.o(Region$$Table)
    Region$$Table$$Limit                     0x08000a54   Number         0  anon$$obj.o(Region$$Table)
    t                                        0x20000000   Data           4  main.o(.data.t)
    __libspace_start                         0x20000008   Data          96  libspace.o(.bss)
    __temporary_stack_top$libspace           0x20000068   Data           0  libspace.o(.bss)



==============================================================================

Memory Map of the image

  Image Entry point : 0x08000239

  Load Region LR_1 (Base: 0x08000000, Size: 0x00000a58, Max: 0xffffffff, ABSOLUTE)

    Execution Region ER_RO (Exec base: 0x08000000, Load base: 0x08000000, Size: 0x00000a54, Max: 0xffffffff, ABSOLUTE)

    Exec Addr    Load Addr    Size         Type   Attr      Idx    E Section Name        Object

    0x08000000   0x08000000   0x00000198   Data   RO          137    RESET               startup_stm32f411xe.o
    0x08000198   0x08000198   0x00000008   Code   RO          163  * !!!main             c_w.l(__main.o)
    0x080001a0   0x080001a0   0x00000034   Code   RO          326    !!!scatter          c_w.l(__scatter.o)
    0x080001d4   0x080001d4   0x0000001a   Code   RO          328    !!handler_copy      c_w.l(__scatter_copy.o)
    0x080001ee   0x080001ee   0x00000002   PAD
    0x080001f0   0x080001f0   0x0000001c   Code   RO          330    !!handler_zi        c_w.l(__scatter_zi.o)
    0x0800020c   0x0800020c   0x00000002   Code   RO          190    .ARM.Collect$$libinit$$00000000  c_w.l(libinit.o)
    0x0800020e   0x0800020e   0x00000004   Code   RO          196    .ARM.Collect$$libinit$$00000001  c_w.l(libinit2.o)
    0x08000212   0x08000212   0x00000000   Code   RO          199    .ARM.Collect$$libinit$$00000004  c_w.l(libinit2.o)
    0x08000212   0x08000212   0x00000000   Code   RO          202    .ARM.Collect$$libinit$$0000000A  c_w.l(libinit2.o)
    0x08000212   0x08000212   0x00000000   Code   RO          204    .ARM.Collect$$libinit$$0000000C  c_w.l(libinit2.o)
    0x08000212   0x08000212   0x00000000   Code   RO          206    .ARM.Collect$$libinit$$0000000E  c_w.l(libinit2.o)
    0x08000212   0x08000212   0x00000000   Code   RO          209    .ARM.Collect$$libinit$$00000011  c_w.l(libinit2.o)
    0x08000212   0x08000212   0x00000000   Code   RO          211    .ARM.Collect$$libinit$$00000013  c_w.l(libinit2.o)
    0x08000212   0x08000212   0x00000000   Code   RO          213    .ARM.Collect$$libinit$$00000015  c_w.l(libinit2.o)
    0x08000212   0x08000212   0x00000000   Code   RO          215    .ARM.Collect$$libinit$$00000017  c_w.l(libinit2.o)
    0x08000212   0x08000212   0x00000000   Code   RO          217    .ARM.Collect$$libinit$$00000019  c_w.l(libinit2.o)
    0x08000212   0x08000212   0x00000000   Code   RO          219    .ARM.Collect$$libinit$$0000001B  c_w.l(libinit2.o)
    0x08000212   0x08000212   0x00000000   Code   RO          221    .ARM.Collect$$libinit$$0000001D  c_w.l(libinit2.o)
    0x08000212   0x08000212   0x00000000   Code   RO          223    .ARM.Collect$$libinit$$0000001F  c_w.l(libinit2.o)
    0x08000212   0x08000212   0x00000000   Code   RO          225    .ARM.Collect$$libinit$$00000021  c_w.l(libinit2.o)
    0x08000212   0x08000212   0x00000000   Code   RO          227    .ARM.Collect$$libinit$$00000023  c_w.l(libinit2.o)
    0x08000212   0x08000212   0x00000000   Code   RO          229    .ARM.Collect$$libinit$$00000025  c_w.l(libinit2.o)
    0x08000212   0x08000212   0x00000000   Code   RO          233    .ARM.Collect$$libinit$$0000002C  c_w.l(libinit2.o)
    0x08000212   0x08000212   0x00000000   Code   RO          235    .ARM.Collect$$libinit$$0000002E  c_w.l(libinit2.o)
    0x08000212   0x08000212   0x00000000   Code   RO          237    .ARM.Collect$$libinit$$00000030  c_w.l(libinit2.o)
    0x08000212   0x08000212   0x00000000   Code   RO          239    .ARM.Collect$$libinit$$00000032  c_w.l(libinit2.o)
    0x08000212   0x08000212   0x00000002   Code   RO          240    .ARM.Collect$$libinit$$00000033  c_w.l(libinit2.o)
    0x08000214   0x08000214   0x00000002   Code   RO          262    .ARM.Collect$$libshutdown$$00000000  c_w.l(libshutdown.o)
    0x08000216   0x08000216   0x00000000   Code   RO          277    .ARM.Collect$$libshutdown$$00000002  c_w.l(libshutdown2.o)
    0x08000216   0x08000216   0x00000000   Code   RO          279    .ARM.Collect$$libshutdown$$00000004  c_w.l(libshutdown2.o)
    0x08000216   0x08000216   0x00000000   Code   RO          282    .ARM.Collect$$libshutdown$$00000007  c_w.l(libshutdown2.o)
    0x08000216   0x08000216   0x00000000   Code   RO          285    .ARM.Collect$$libshutdown$$0000000A  c_w.l(libshutdown2.o)
    0x08000216   0x08000216   0x00000000   Code   RO          287    .ARM.Collect$$libshutdown$$0000000C  c_w.l(libshutdown2.o)
    0x08000216   0x08000216   0x00000000   Code   RO          290    .ARM.Collect$$libshutdown$$0000000F  c_w.l(libshutdown2.o)
    0x08000216   0x08000216   0x00000002   Code   RO          291    .ARM.Collect$$libshutdown$$00000010  c_w.l(libshutdown2.o)
    0x08000218   0x08000218   0x00000000   Code   RO          165    .ARM.Collect$$rtentry$$00000000  c_w.l(__rtentry.o)
    0x08000218   0x08000218   0x00000000   Code   RO          167    .ARM.Collect$$rtentry$$00000002  c_w.l(__rtentry2.o)
    0x08000218   0x08000218   0x00000006   Code   RO          179    .ARM.Collect$$rtentry$$00000004  c_w.l(__rtentry4.o)
    0x0800021e   0x0800021e   0x00000000   Code   RO          169    .ARM.Collect$$rtentry$$00000009  c_w.l(__rtentry2.o)
    0x0800021e   0x0800021e   0x00000004   Code   RO          170    .ARM.Collect$$rtentry$$0000000A  c_w.l(__rtentry2.o)
    0x08000222   0x08000222   0x00000000   Code   RO          172    .ARM.Collect$$rtentry$$0000000C  c_w.l(__rtentry2.o)
    0x08000222   0x08000222   0x00000008   Code   RO          173    .ARM.Collect$$rtentry$$0000000D  c_w.l(__rtentry2.o)
    0x0800022a   0x0800022a   0x00000002   Code   RO          194    .ARM.Collect$$rtexit$$00000000  c_w.l(rtexit.o)
    0x0800022c   0x0800022c   0x00000000   Code   RO          242    .ARM.Collect$$rtexit$$00000002  c_w.l(rtexit2.o)
    0x0800022c   0x0800022c   0x00000004   Code   RO          243    .ARM.Collect$$rtexit$$00000003  c_w.l(rtexit2.o)
    0x08000230   0x08000230   0x00000006   Code   RO          244    .ARM.Collect$$rtexit$$00000004  c_w.l(rtexit2.o)
    0x08000236   0x08000236   0x00000002   PAD
    0x08000238   0x08000238   0x00000040   Code   RO          138  * .text               startup_stm32f411xe.o
    0x08000278   0x08000278   0x00000006   Code   RO          161    .text               c_w.l(heapauxi.o)
    0x0800027e   0x0800027e   0x0000004a   Code   RO          181    .text               c_w.l(sys_stackheap_outer.o)
    0x080002c8   0x080002c8   0x00000012   Code   RO          183    .text               c_w.l(exit.o)
    0x080002da   0x080002da   0x00000002   PAD
    0x080002dc   0x080002dc   0x00000008   Code   RO          191    .text               c_w.l(libspace.o)
    0x080002e4   0x080002e4   0x0000000c   Code   RO          252    .text               c_w.l(sys_exit.o)
    0x080002f0   0x080002f0   0x00000002   Code   RO          267    .text               c_w.l(use_no_semi.o)
    0x080002f2   0x080002f2   0x00000000   Code   RO          269    .text               c_w.l(indicate_semi.o)
    0x080002f2   0x080002f2   0x00000002   PAD
    0x080002f4   0x080002f4   0x00000012   Code   RO          145    .text.SystemInit    system_stm32f4xx.o
    0x08000306   0x08000306   0x00000002   PAD
    0x08000308   0x08000308   0x0000005e   Code   RO            2    .text._Z17configurarPuertoAv  main.o
    0x08000366   0x08000366   0x00000002   PAD
    0x08000368   0x08000368   0x0000002e   Code   RO            4    .text._Z17configurarPuertoBv  main.o
    0x08000396   0x08000396   0x00000002   PAD
    0x08000398   0x08000398   0x000000d6   Code   RO          116    .text._Z4seq2v      main.o
    0x0800046e   0x0800046e   0x00000002   PAD
    0x08000470   0x08000470   0x000000a6   Code   RO          118    .text._Z4seq3v      main.o
    0x08000516   0x08000516   0x00000002   PAD
    0x08000518   0x08000518   0x00000018   Code   RO          108    .text._Z5rosasv     main.o
    0x08000530   0x08000530   0x00000022   Code   RO           54    .text._Z5timeAv     main.o
    0x08000552   0x08000552   0x00000002   PAD
    0x08000554   0x08000554   0x00000022   Code   RO           56    .text._Z5timeBv     main.o
    0x08000576   0x08000576   0x00000002   PAD
    0x08000578   0x08000578   0x00000022   Code   RO           58    .text._Z5timeCv     main.o
    0x0800059a   0x0800059a   0x00000002   PAD
    0x0800059c   0x0800059c   0x00000022   Code   RO           60    .text._Z5timeDv     main.o
    0x080005be   0x080005be   0x00000002   PAD
    0x080005c0   0x080005c0   0x00000022   Code   RO           62    .text._Z5timeEv     main.o
    0x080005e2   0x080005e2   0x00000002   PAD
    0x080005e4   0x080005e4   0x00000022   Code   RO           66    .text._Z5timeGv     main.o
    0x08000606   0x08000606   0x00000002   PAD
    0x08000608   0x08000608   0x00000022   Code   RO           70    .text._Z5timeIv     main.o
    0x0800062a   0x0800062a   0x00000002   PAD
    0x0800062c   0x0800062c   0x00000022   Code   RO           74    .text._Z5timeKv     main.o
    0x0800064e   0x0800064e   0x00000002   PAD
    0x08000650   0x08000650   0x00000022   Code   RO           76    .text._Z5timeLv     main.o
    0x08000672   0x08000672   0x00000002   PAD
    0x08000674   0x08000674   0x00000022   Code   RO           80    .text._Z5timeNv     main.o
    0x08000696   0x08000696   0x00000002   PAD
    0x08000698   0x08000698   0x00000022   Code   RO           82    .text._Z5timeOv     main.o
    0x080006ba   0x080006ba   0x00000002   PAD
    0x080006bc   0x080006bc   0x00000022   Code   RO           86    .text._Z5timeQv     main.o
    0x080006de   0x080006de   0x00000002   PAD
    0x080006e0   0x080006e0   0x00000022   Code   RO           88    .text._Z5timeRv     main.o
    0x08000702   0x08000702   0x00000002   PAD
    0x08000704   0x08000704   0x00000022   Code   RO           90    .text._Z5timeSv     main.o
    0x08000726   0x08000726   0x00000002   PAD
    0x08000728   0x08000728   0x00000022   Code   RO           92    .text._Z5timeTv     main.o
    0x0800074a   0x0800074a   0x00000002   PAD
    0x0800074c   0x0800074c   0x00000022   Code   RO           94    .text._Z5timeUv     main.o
    0x0800076e   0x0800076e   0x00000002   PAD
    0x08000770   0x08000770   0x00000022   Code   RO           96    .text._Z5timeVv     main.o
    0x08000792   0x08000792   0x00000002   PAD
    0x08000794   0x08000794   0x00000022   Code   RO          100    .text._Z5timeWv     main.o
    0x080007b6   0x080007b6   0x00000002   PAD
    0x080007b8   0x080007b8   0x00000022   Code   RO           98    .text._Z5timeYv     main.o
    0x080007da   0x080007da   0x00000002   PAD
    0x080007dc   0x080007dc   0x0000001c   Code   RO          106    .text._Z6andresv    main.o
    0x080007f8   0x080007f8   0x0000001c   Code   RO          112    .text._Z6araquev    main.o
    0x08000814   0x08000814   0x0000001c   Code   RO          104    .text._Z6danielv    main.o
    0x08000830   0x08000830   0x0000001c   Code   RO          110    .text._Z6garciav    main.o
    0x0800084c   0x0800084c   0x0000000c   Code   RO            6    .text._Z6letraAv    main.o
    0x08000858   0x08000858   0x0000000c   Code   RO            8    .text._Z6letraBv    main.o
    0x08000864   0x08000864   0x0000000c   Code   RO           10    .text._Z6letraCv    main.o
    0x08000870   0x08000870   0x0000000c   Code   RO           12    .text._Z6letraDv    main.o
    0x0800087c   0x0800087c   0x0000000c   Code   RO           14    .text._Z6letraEv    main.o
    0x08000888   0x08000888   0x0000000c   Code   RO           18    .text._Z6letraGv    main.o
    0x08000894   0x08000894   0x0000000c   Code   RO           22    .text._Z6letraIv    main.o
    0x080008a0   0x080008a0   0x0000000c   Code   RO           26    .text._Z6letraKv    main.o
    0x080008ac   0x080008ac   0x0000000c   Code   RO           28    .text._Z6letraLv    main.o
    0x080008b8   0x080008b8   0x0000000c   Code   RO           32    .text._Z6letraNv    main.o
    0x080008c4   0x080008c4   0x0000000c   Code   RO           34    .text._Z6letraOv    main.o
    0x080008d0   0x080008d0   0x0000000c   Code   RO           38    .text._Z6letraQv    main.o
    0x080008dc   0x080008dc   0x0000000c   Code   RO           40    .text._Z6letraRv    main.o
    0x080008e8   0x080008e8   0x0000000c   Code   RO           42    .text._Z6letraSv    main.o
    0x080008f4   0x080008f4   0x0000000c   Code   RO           44    .text._Z6letraTv    main.o
    0x08000900   0x08000900   0x0000000c   Code   RO           46    .text._Z6letraUv    main.o
    0x0800090c   0x0800090c   0x0000000c   Code   RO           48    .text._Z6letraVv    main.o
    0x08000918   0x08000918   0x0000000c   Code   RO           52    .text._Z6letraWv    main.o
    0x08000924   0x08000924   0x0000000c   Code   RO           50    .text._Z6letraYv    main.o
    0x08000930   0x08000930   0x0000002e   Code   RO          122    .text._Z8ledbtnonv  main.o
    0x0800095e   0x0800095e   0x00000002   PAD
    0x08000960   0x08000960   0x000000ba   Code   RO          124    .text.main          main.o
    0x08000a1a   0x08000a1a   0x0000001a   Code   RO          250    x$fpl$fpinit        fz_wm.l(fpinit.o)
    0x08000a34   0x08000a34   0x00000020   Data   RO          325    Region$$Table       anon$$obj.o


    Execution Region ER_RW (Exec base: 0x20000000, Load base: 0x08000a54, Size: 0x00000004, Max: 0xffffffff, ABSOLUTE)

    Exec Addr    Load Addr    Size         Type   Attr      Idx    E Section Name        Object

    0x20000000   0x08000a54   0x00000004   Data   RW          126    .data.t             main.o


    Execution Region ER_ZI (Exec base: 0x20000008, Load base: 0x08000a58, Size: 0x00000660, Max: 0xffffffff, ABSOLUTE)

    Exec Addr    Load Addr    Size         Type   Attr      Idx    E Section Name        Object

    0x20000008        -       0x00000060   Zero   RW          192    .bss                c_w.l(libspace.o)
    0x20000068        -       0x00000200   Zero   RW          136    HEAP                startup_stm32f411xe.o
    0x20000268        -       0x00000400   Zero   RW          135    STACK               startup_stm32f411xe.o


==============================================================================

Image component sizes


      Code (inc. data)   RO Data    RW Data    ZI Data      Debug   Object Name

      1762          8          0          4          0      17555   main.o
        64         26        408          0       1536        980   startup_stm32f411xe.o
        18          0          0          0          0       2909   system_stm32f4xx.o

    ----------------------------------------------------------------------
      1894         34        440          4       1536      21444   Object Totals
         0          0         32          0          0          0   (incl. Generated)
        50          0          0          0          0          0   (incl. Padding)

    ----------------------------------------------------------------------

      Code (inc. data)   RO Data    RW Data    ZI Data      Debug   Library Member Name

         8          0          0          0          0         68   __main.o
         0          0          0          0          0          0   __rtentry.o
        12          0          0          0          0          0   __rtentry2.o
         6          0          0          0          0          0   __rtentry4.o
        52          8          0          0          0          0   __scatter.o
        26          0          0          0          0          0   __scatter_copy.o
        28          0          0          0          0          0   __scatter_zi.o
        18          0          0          0          0         80   exit.o
         6          0          0          0          0        152   heapauxi.o
         0          0          0          0          0          0   indicate_semi.o
         2          0          0          0          0          0   libinit.o
         6          0          0          0          0          0   libinit2.o
         2          0          0          0          0          0   libshutdown.o
         2          0          0          0          0          0   libshutdown2.o
         8          4          0          0         96         68   libspace.o
         2          0          0          0          0          0   rtexit.o
        10          0          0          0          0          0   rtexit2.o
        12          4          0          0          0         68   sys_exit.o
        74          0          0          0          0         80   sys_stackheap_outer.o
         2          0          0          0          0         68   use_no_semi.o
        26          0          0          0          0        116   fpinit.o

    ----------------------------------------------------------------------
       310         16          0          0         96        700   Library Totals
         8          0          0          0          0          0   (incl. Padding)

    ----------------------------------------------------------------------

      Code (inc. data)   RO Data    RW Data    ZI Data      Debug   Library Name

       276         16          0          0         96        584   c_w.l
        26          0          0          0          0        116   fz_wm.l

    ----------------------------------------------------------------------
       310         16          0          0         96        700   Library Totals

    ----------------------------------------------------------------------

==============================================================================


      Code (inc. data)   RO Data    RW Data    ZI Data      Debug   

      2204         50        440          4       1632      21972   Grand Totals
      2204         50        440          4       1632      21972   ELF Image Totals
      2204         50        440          4          0          0   ROM Totals

==============================================================================

    Total RO  Size (Code + RO Data)                 2644 (   2.58kB)
    Total RW  Size (RW Data + ZI Data)              1636 (   1.60kB)
    Total ROM Size (Code + RO Data + RW Data)       2648 (   2.59kB)

==============================================================================

