<html>
<body>
<pre>
<h1>µVision Build Log</h1>
<h2>Tool Versions:</h2>
IDE-Version: µVision V5.31.0.0
Copyright (C) 2020 ARM Ltd and ARM Germany GmbH. All rights reserved.
License Information: paisa danielaraque32@outlook.com, paisa, LIC=----
 
Tool Versions:
Toolchain:       MDK-Lite  Version: 5.31.0.0
Toolchain Path:  C:\Keil_v5\ARM\ARMCLANG\Bin
C Compiler:      ArmClang.exe V6.14
Assembler:       Armasm.exe V6.14
Linker/Locator:  ArmLink.exe V6.14
Library Manager: ArmAr.exe V6.14
Hex Converter:   FromElf.exe V6.14
CPU DLL:         SARMCM3.DLL V5.31.0.0
Dialog DLL:      DCM.DLL V1.17.3.0
Target DLL:      STLink\ST-LINKIII-KEIL_SWO.dll V3.0.7.0
Dialog DLL:      TCM.DLL V1.46.0.0
 
<h2>Project:</h2>
C:\Users\danie\OneDrive - unimilitar.edu.co\Documentos\UNIVERSIDADDDDDDDDDDDDDDDDDDDDDDDDDD\MECATRÓNICA\QUINTO SEMESTRE\micros\f767\A AN B LETTERS 7 SEGMENT\AAAAAA.uvprojx
Project File Date:  02/08/2025

<h2>Output:</h2>
*** Using Compiler 'V6.14', folder: 'C:\Keil_v5\ARM\ARMCLANG\Bin'
Rebuild target 'Target 1'
assembling startup_stm32f767xx.s...
compiling system_stm32f7xx.c...
main.cpp(8): warning: no previous extern declaration for non-static variable 't' [-Wmissing-variable-declarations]
int t =1000000;
    ^
main.cpp(8): note: declare 'static' if the variable is not intended to be used outside of this translation unit
int t =1000000;
^
main.cpp(14): warning: use of old-style cast [-Wold-style-cast]
        RCC->AHB1ENR |= (1<<0);
        ^~~
C:/Users/danie/AppData/Local/Arm/Packs/Keil/STM32F7xx_DFP/2.13.0/Drivers/CMSIS/Device/ST/STM32F7xx/Include/stm32f767xx.h(1546): note: expanded from macro 'RCC'
#define RCC                 ((RCC_TypeDef *) RCC_BASE)
                             ^               ~~~~~~~~
main.cpp(19): warning: use of old-style cast [-Wold-style-cast]
        GPIOA->MODER |= 0x1555; 
        ^~~~~
C:/Users/danie/AppData/Local/Arm/Packs/Keil/STM32F7xx_DFP/2.13.0/Drivers/CMSIS/Device/ST/STM32F7xx/Include/stm32f767xx.h(1534): note: expanded from macro 'GPIOA'
#define GPIOA               ((GPIO_TypeDef *) GPIOA_BASE)
                             ^                ~~~~~~~~~~
main.cpp(21): warning: use of old-style cast [-Wold-style-cast]
        GPIOA->OTYPER |= 0x0; 
        ^~~~~
C:/Users/danie/AppData/Local/Arm/Packs/Keil/STM32F7xx_DFP/2.13.0/Drivers/CMSIS/Device/ST/STM32F7xx/Include/stm32f767xx.h(1534): note: expanded from macro 'GPIOA'
#define GPIOA               ((GPIO_TypeDef *) GPIOA_BASE)
                             ^                ~~~~~~~~~~
main.cpp(23): warning: use of old-style cast [-Wold-style-cast]
        GPIOA->OSPEEDR |= 0x1555; 
        ^~~~~
C:/Users/danie/AppData/Local/Arm/Packs/Keil/STM32F7xx_DFP/2.13.0/Drivers/CMSIS/Device/ST/STM32F7xx/Include/stm32f767xx.h(1534): note: expanded from macro 'GPIOA'
#define GPIOA               ((GPIO_TypeDef *) GPIOA_BASE)
                             ^                ~~~~~~~~~~
main.cpp(25): warning: use of old-style cast [-Wold-style-cast]
        GPIOA->PUPDR |= 0xAAA; 
        ^~~~~
C:/Users/danie/AppData/Local/Arm/Packs/Keil/STM32F7xx_DFP/2.13.0/Drivers/CMSIS/Device/ST/STM32F7xx/Include/stm32f767xx.h(1534): note: expanded from macro 'GPIOA'
#define GPIOA               ((GPIO_TypeDef *) GPIOA_BASE)
                             ^                ~~~~~~~~~~
main.cpp(11): warning: no previous prototype for function 'configurarPuertoA' [-Wmissing-prototypes]
void configurarPuertoA(){
     ^
main.cpp(11): note: declare 'static' if the function is not intended to be used outside of this translation unit
void configurarPuertoA(){
^
static 
main.cpp(30): warning: use of old-style cast [-Wold-style-cast]
        GPIOA->ODR = 0x71; // Dejo los pines 0, 4, 5 y 6 en 1
        ^~~~~
C:/Users/danie/AppData/Local/Arm/Packs/Keil/STM32F7xx_DFP/2.13.0/Drivers/CMSIS/Device/ST/STM32F7xx/Include/stm32f767xx.h(1534): note: expanded from macro 'GPIOA'
#define GPIOA               ((GPIO_TypeDef *) GPIOA_BASE)
                             ^                ~~~~~~~~~~
main.cpp(29): warning: no previous prototype for function 'letraJ' [-Wmissing-prototypes]
    void letraJ() {
         ^
main.cpp(29): note: declare 'static' if the function is not intended to be used outside of this translation unit
    void letraJ() {
    ^
    static 
main.cpp(34): warning: use of old-style cast [-Wold-style-cast]
        GPIOA->ODR = 0x63; // Dejo pines 0,1,5,6 en 1
        ^~~~~
C:/Users/danie/AppData/Local/Arm/Packs/Keil/STM32F7xx_DFP/2.13.0/Drivers/CMSIS/Device/ST/STM32F7xx/Include/stm32f767xx.h(1534): note: expanded from macro 'GPIOA'
#define GPIOA               ((GPIO_TypeDef *) GPIOA_BASE)
                             ^                ~~~~~~~~~~
main.cpp(33): warning: no previous prototype for function 'letraU' [-Wmissing-prototypes]
    void letraU() {
         ^
main.cpp(33): note: declare 'static' if the function is not intended to be used outside of this translation unit
    void letraU() {
    ^
    static 
main.cpp(38): warning: use of old-style cast [-Wold-style-cast]
        GPIOA->ODR = 0x47; // Dejo pines 0,1,2 y 6 en 1
        ^~~~~
C:/Users/danie/AppData/Local/Arm/Packs/Keil/STM32F7xx_DFP/2.13.0/Drivers/CMSIS/Device/ST/STM32F7xx/Include/stm32f767xx.h(1534): note: expanded from macro 'GPIOA'
#define GPIOA               ((GPIO_TypeDef *) GPIOA_BASE)
                             ^                ~~~~~~~~~~
main.cpp(37): warning: no previous prototype for function 'letraL' [-Wmissing-prototypes]
    void letraL() {
         ^
main.cpp(37): note: declare 'static' if the function is not intended to be used outside of this translation unit
    void letraL() {
    ^
    static 
main.cpp(42): warning: use of old-style cast [-Wold-style-cast]
        GPIOA->ODR = 0x66; // Dejo pines 1,2,5 y 6 en 1
        ^~~~~
C:/Users/danie/AppData/Local/Arm/Packs/Keil/STM32F7xx_DFP/2.13.0/Drivers/CMSIS/Device/ST/STM32F7xx/Include/stm32f767xx.h(1534): note: expanded from macro 'GPIOA'
#define GPIOA               ((GPIO_TypeDef *) GPIOA_BASE)
                             ^                ~~~~~~~~~~
main.cpp(41): warning: no previous prototype for function 'letraI' [-Wmissing-prototypes]
    void letraI() {
         ^
main.cpp(41): note: declare 'static' if the function is not intended to be used outside of this translation unit
    void letraI() {
    ^
    static 
main.cpp(46): warning: use of old-style cast [-Wold-style-cast]
        GPIOA->ODR = 0x8; //Dejo pine 3 en 1
        ^~~~~
C:/Users/danie/AppData/Local/Arm/Packs/Keil/STM32F7xx_DFP/2.13.0/Drivers/CMSIS/Device/ST/STM32F7xx/Include/stm32f767xx.h(1534): note: expanded from macro 'GPIOA'
#define GPIOA               ((GPIO_TypeDef *) GPIOA_BASE)
                             ^                ~~~~~~~~~~
main.cpp(45): warning: no previous prototype for function 'letraA' [-Wmissing-prototypes]
    void letraA() {
         ^
main.cpp(45): note: declare 'static' if the function is not intended to be used outside of this translation unit
    void letraA() {
    ^
    static 
main.cpp(50): warning: use of old-style cast [-Wold-style-cast]
        GPIOA->ODR = 0xB; //Dejo pines 0,1,3 y 5 en 1
        ^~~~~
C:/Users/danie/AppData/Local/Arm/Packs/Keil/STM32F7xx_DFP/2.13.0/Drivers/CMSIS/Device/ST/STM32F7xx/Include/stm32f767xx.h(1534): note: expanded from macro 'GPIOA'
#define GPIOA               ((GPIO_TypeDef *) GPIOA_BASE)
                             ^                ~~~~~~~~~~
main.cpp(49): warning: no previous prototype for function 'letraN' [-Wmissing-prototypes]
    void letraN() {
         ^
main.cpp(49): note: declare 'static' if the function is not intended to be used outside of this translation unit
    void letraN() {
    ^
    static 
main.cpp(54): warning: use of old-style cast [-Wold-style-cast]
        GPIOA->ODR = 0x3E;
        ^~~~~
C:/Users/danie/AppData/Local/Arm/Packs/Keil/STM32F7xx_DFP/2.13.0/Drivers/CMSIS/Device/ST/STM32F7xx/Include/stm32f767xx.h(1534): note: expanded from macro 'GPIOA'
#define GPIOA               ((GPIO_TypeDef *) GPIOA_BASE)
                             ^                ~~~~~~~~~~
main.cpp(53): warning: no previous prototype for function 'letraD' [-Wmissing-prototypes]
    void letraD() {
         ^
main.cpp(53): note: declare 'static' if the function is not intended to be used outside of this translation unit
    void letraD() {
    ^
    static 
main.cpp(58): warning: use of old-style cast [-Wold-style-cast]
        GPIOA->ODR = 0x50;
        ^~~~~
C:/Users/danie/AppData/Local/Arm/Packs/Keil/STM32F7xx_DFP/2.13.0/Drivers/CMSIS/Device/ST/STM32F7xx/Include/stm32f767xx.h(1534): note: expanded from macro 'GPIOA'
#define GPIOA               ((GPIO_TypeDef *) GPIOA_BASE)
                             ^                ~~~~~~~~~~
main.cpp(57): warning: no previous prototype for function 'letraR' [-Wmissing-prototypes]
    void letraR() {
         ^
main.cpp(57): note: declare 'static' if the function is not intended to be used outside of this translation unit
    void letraR() {
    ^
    static 
main.cpp(62): warning: use of old-style cast [-Wold-style-cast]
        GPIOA->ODR = 0x79;
        ^~~~~
C:/Users/danie/AppData/Local/Arm/Packs/Keil/STM32F7xx_DFP/2.13.0/Drivers/CMSIS/Device/ST/STM32F7xx/Include/stm32f767xx.h(1534): note: expanded from macro 'GPIOA'
#define GPIOA               ((GPIO_TypeDef *) GPIOA_BASE)
                             ^                ~~~~~~~~~~
main.cpp(61): warning: no previous prototype for function 'letraE' [-Wmissing-prototypes]
    void letraE() {
         ^
main.cpp(61): note: declare 'static' if the function is not intended to be used outside of this translation unit
    void letraE() {
    ^
    static 
main.cpp(66): warning: use of old-style cast [-Wold-style-cast]
        GPIOA->ODR = 0x6D;
        ^~~~~
C:/Users/danie/AppData/Local/Arm/Packs/Keil/STM32F7xx_DFP/2.13.0/Drivers/CMSIS/Device/ST/STM32F7xx/Include/stm32f767xx.h(1534): note: expanded from macro 'GPIOA'
#define GPIOA               ((GPIO_TypeDef *) GPIOA_BASE)
                             ^                ~~~~~~~~~~
main.cpp(65): warning: no previous prototype for function 'letraS' [-Wmissing-prototypes]
    void letraS() {
         ^
main.cpp(65): note: declare 'static' if the function is not intended to be used outside of this translation unit
    void letraS() {
    ^
    static 
main.cpp(70): warning: use of old-style cast [-Wold-style-cast]
        GPIOA->ODR = 0x3F;
        ^~~~~
C:/Users/danie/AppData/Local/Arm/Packs/Keil/STM32F7xx_DFP/2.13.0/Drivers/CMSIS/Device/ST/STM32F7xx/Include/stm32f767xx.h(1534): note: expanded from macro 'GPIOA'
#define GPIOA               ((GPIO_TypeDef *) GPIOA_BASE)
                             ^                ~~~~~~~~~~
main.cpp(69): warning: no previous prototype for function 'letraO' [-Wmissing-prototypes]
    void letraO() {
         ^
main.cpp(69): note: declare 'static' if the function is not intended to be used outside of this translation unit
    void letraO() {
    ^
    static 
main.cpp(74): warning: use of old-style cast [-Wold-style-cast]
        GPIOA->ODR = 0x3D;
        ^~~~~
C:/Users/danie/AppData/Local/Arm/Packs/Keil/STM32F7xx_DFP/2.13.0/Drivers/CMSIS/Device/ST/STM32F7xx/Include/stm32f767xx.h(1534): note: expanded from macro 'GPIOA'
#define GPIOA               ((GPIO_TypeDef *) GPIOA_BASE)
                             ^                ~~~~~~~~~~
main.cpp(73): warning: no previous prototype for function 'letraG' [-Wmissing-prototypes]
    void letraG() {
         ^
main.cpp(73): note: declare 'static' if the function is not intended to be used outside of this translation unit
    void letraG() {
    ^
    static 
main.cpp(78): warning: use of old-style cast [-Wold-style-cast]
        GPIOA->ODR = 0x39;
        ^~~~~
C:/Users/danie/AppData/Local/Arm/Packs/Keil/STM32F7xx_DFP/2.13.0/Drivers/CMSIS/Device/ST/STM32F7xx/Include/stm32f767xx.h(1534): note: expanded from macro 'GPIOA'
#define GPIOA               ((GPIO_TypeDef *) GPIOA_BASE)
                             ^                ~~~~~~~~~~
main.cpp(77): warning: no previous prototype for function 'letraC' [-Wmissing-prototypes]
    void letraC() {
         ^
main.cpp(77): note: declare 'static' if the function is not intended to be used outside of this translation unit
    void letraC() {
    ^
    static 
main.cpp(82): warning: use of old-style cast [-Wold-style-cast]
        GPIOA->ODR = 0x3F;
        ^~~~~
C:/Users/danie/AppData/Local/Arm/Packs/Keil/STM32F7xx_DFP/2.13.0/Drivers/CMSIS/Device/ST/STM32F7xx/Include/stm32f767xx.h(1534): note: expanded from macro 'GPIOA'
#define GPIOA               ((GPIO_TypeDef *) GPIOA_BASE)
                             ^                ~~~~~~~~~~
main.cpp(81): warning: no previous prototype for function 'letraQ' [-Wmissing-prototypes]
    void letraQ() {
         ^
main.cpp(81): note: declare 'static' if the function is not intended to be used outside of this translation unit
    void letraQ() {
    ^
    static 
main.cpp(86): warning: use of old-style cast [-Wold-style-cast]
        GPIOA->ODR = 0x78;
        ^~~~~
C:/Users/danie/AppData/Local/Arm/Packs/Keil/STM32F7xx_DFP/2.13.0/Drivers/CMSIS/Device/ST/STM32F7xx/Include/stm32f767xx.h(1534): note: expanded from macro 'GPIOA'
#define GPIOA               ((GPIO_TypeDef *) GPIOA_BASE)
                             ^                ~~~~~~~~~~
main.cpp(85): warning: no previous prototype for function 'letraT' [-Wmissing-prototypes]
    void letraT() {
         ^
main.cpp(85): note: declare 'static' if the function is not intended to be used outside of this translation unit
    void letraT() {
    ^
    static 
main.cpp(90): warning: use of old-style cast [-Wold-style-cast]
        GPIOA->ODR = 0x75;
        ^~~~~
C:/Users/danie/AppData/Local/Arm/Packs/Keil/STM32F7xx_DFP/2.13.0/Drivers/CMSIS/Device/ST/STM32F7xx/Include/stm32f767xx.h(1534): note: expanded from macro 'GPIOA'
#define GPIOA               ((GPIO_TypeDef *) GPIOA_BASE)
                             ^                ~~~~~~~~~~
main.cpp(89): warning: no previous prototype for function 'letraK' [-Wmissing-prototypes]
    void letraK() {
         ^
main.cpp(89): note: declare 'static' if the function is not intended to be used outside of this translation unit
    void letraK() {
    ^
    static 
main.cpp(94): warning: use of old-style cast [-Wold-style-cast]
        GPIOA->ODR = 0x3E;
        ^~~~~
C:/Users/danie/AppData/Local/Arm/Packs/Keil/STM32F7xx_DFP/2.13.0/Drivers/CMSIS/Device/ST/STM32F7xx/Include/stm32f767xx.h(1534): note: expanded from macro 'GPIOA'
#define GPIOA               ((GPIO_TypeDef *) GPIOA_BASE)
                             ^                ~~~~~~~~~~
main.cpp(93): warning: no previous prototype for function 'letraV' [-Wmissing-prototypes]
    void letraV() {
         ^
main.cpp(93): note: declare 'static' if the function is not intended to be used outside of this translation unit
    void letraV() {
    ^
    static 
main.cpp(98): warning: use of old-style cast [-Wold-style-cast]
        GPIOA->ODR = 0x7C;
        ^~~~~
C:/Users/danie/AppData/Local/Arm/Packs/Keil/STM32F7xx_DFP/2.13.0/Drivers/CMSIS/Device/ST/STM32F7xx/Include/stm32f767xx.h(1534): note: expanded from macro 'GPIOA'
#define GPIOA               ((GPIO_TypeDef *) GPIOA_BASE)
                             ^                ~~~~~~~~~~
main.cpp(97): warning: no previous prototype for function 'letraB' [-Wmissing-prototypes]
    void letraB() {
         ^
main.cpp(97): note: declare 'static' if the function is not intended to be used outside of this translation unit
    void letraB() {
    ^
    static 
main.cpp(102): warning: no previous prototype for function 'delay' [-Wmissing-prototypes]
    void delay(int milliseconds) {
         ^
main.cpp(102): note: declare 'static' if the function is not intended to be used outside of this translation unit
    void delay(int milliseconds) {
    ^
    static 
main.cpp(109): warning: no previous prototype for function 'timeA' [-Wmissing-prototypes]
                void  timeA(){
                      ^
main.cpp(109): note: declare 'static' if the function is not intended to be used outside of this translation unit
                void  timeA(){
                ^
                static 
main.cpp(130): warning: use of old-style cast [-Wold-style-cast]
                                                GPIOA->ODR = (1<<0) | (1<<1);
                                                ^~~~~
C:/Users/danie/AppData/Local/Arm/Packs/Keil/STM32F7xx_DFP/2.13.0/Drivers/CMSIS/Device/ST/STM32F7xx/Include/stm32f767xx.h(1534): note: expanded from macro 'GPIOA'
#define GPIOA               ((GPIO_TypeDef *) GPIOA_BASE)
                             ^                ~~~~~~~~~~
46 warnings generated.
compiling main.cpp...
linking...
Program Size: Code=560 RO-data=536 RW-data=4 ZI-data=1632  
FromELF: creating hex file...
".\Objects\AAAAAA.axf" - 0 Error(s), 46 Warning(s).

<h2>Software Packages used:</h2>

Package Vendor: ARM
                http://www.keil.com/pack/ARM.CMSIS.5.7.0.pack
                ARM.CMSIS.5.7.0
                CMSIS (Cortex Microcontroller Software Interface Standard)
   * Component: CORE Version: 5.4.0

Package Vendor: Keil
                http://www.keil.com/pack/Keil.STM32F7xx_DFP.2.13.0.pack
                Keil.STM32F7xx_DFP.2.13.0
                STMicroelectronics STM32F7 Series Device Support, Drivers and Examples
   * Component: Startup Version: 1.2.5

<h2>Collection of Component include folders:</h2>
  .\RTE\_Target_1
  C:\Users\danie\AppData\Local\Arm\Packs\ARM\CMSIS\5.7.0\CMSIS\Core\Include
  C:\Users\danie\AppData\Local\Arm\Packs\Keil\STM32F7xx_DFP\2.13.0\Drivers\CMSIS\Device\ST\STM32F7xx\Include

<h2>Collection of Component Files used:</h2>

   * Component: ARM::CMSIS:CORE:5.4.0

   * Component: Keil::Device:Startup:1.2.5
      Source file:   MDK\Device\Source\ARM\STM32F76x_77x_OPT.s
      Source file:   Drivers\CMSIS\Device\ST\STM32F7xx\Source\Templates\arm\startup_stm32f767xx.s
      Include file:  Drivers\CMSIS\Device\ST\STM32F7xx\Include\stm32f7xx.h
      Source file:   MDK\Device\Source\ARM\STM32F76x_77x_OTP.s
      Source file:   Drivers\CMSIS\Device\ST\STM32F7xx\Source\Templates\system_stm32f7xx.c
Build Time Elapsed:  00:00:04
</pre>
</body>
</html>
